Component: ARM Compiler 5.06 update 5 (build 528) Tool: armlink [4d35e2]

==============================================================================

Section Cross References

    main.o(.text) refers to _printf_percent.o(.ARM.Collect$$_printf_percent$$00000000) for _printf_percent
    main.o(.text) refers to _printf_d.o(.ARM.Collect$$_printf_percent$$00000009) for _printf_d
    main.o(.text) refers to _printf_dec.o(.text) for _printf_int_dec
    main.o(.text) refers to _printf_s.o(.ARM.Collect$$_printf_percent$$00000014) for _printf_s
    main.o(.text) refers to _printf_str.o(.text) for _printf_str
    main.o(.text) refers to delay.o(.text) for delay_ms
    main.o(.text) refers to music.o(.text) for setVolume
    main.o(.text) refers to queue.o(.text) for xQueueGenericReceive
    main.o(.text) refers to __2printf.o(.text) for __2printf
    main.o(.text) refers to led.o(.text) for ledCheckOn
    main.o(.text) refers to tasks.o(.text) for vTaskDelay
    main.o(.text) refers to key.o(.text) for checkKeyStateOff
    main.o(.text) refers to lv_obj.o(.text) for lv_event_send
    main.o(.text) refers to checkbook.o(.text) for sendAck
    main.o(.text) refers to rt_memclr.o(.text) for __aeabi_memclr
    main.o(.text) refers to main.o(.data) for .data
    main.o(.text) refers to main.o(.bss) for .bss
    main.o(.text) refers to mapp.o(.data) for fun
    main.o(.text) refers to mapp.o(.data) for error_btn
    main.o(.text) refers to strstr.o(.text) for strstr
    main.o(.text) refers to esp8266.o(.text) for ESP8266_GetIPD
    main.o(.text) refers to msg.o(.text) for fingString
    main.o(.text) refers to strcmpv7m.o(.text) for strcmp
    main.o(.text) refers to strlen.o(.text) for strlen
    main.o(.text) refers to lv_task.o(.text) for lv_task_handler
    main.o(.text) refers to port.o(.text) for vPortEnterCritical
    main.o(.text) refers to include.o(.text) for hardware_init
    main.o(.text) refers to h1_alloc.o(.text) for malloc
    main.o(.text) refers to esp8266.o(.bss) for esp8266_buf
    main.o(.text) refers to touch.o(.data) for tp_dev
    system_stm32f4xx.o(.text) refers to system_stm32f4xx.o(.data) for .data
    include.o(.text) refers to misc.o(.text) for NVIC_PriorityGroupConfig
    include.o(.text) refers to delay.o(.text) for delay_init
    include.o(.text) refers to usart.o(.text) for uart_init
    include.o(.text) refers to led.o(.text) for led_init
    include.o(.text) refers to key.o(.text) for KEY_Init
    include.o(.text) refers to beep.o(.text) for BEEP_Init
    include.o(.text) refers to usart2.o(.text) for usart2_Init
    include.o(.text) refers to usart3.o(.text) for usart3_Init
    include.o(.text) refers to __2printf.o(.text) for __2printf
    include.o(.text) refers to lcd.o(.text) for LCD_Init
    include.o(.text) refers to sram.o(.text) for FSMC_SRAM_Init
    include.o(.text) refers to timer.o(.text) for TIM3_Int_Init
    include.o(.text) refers to lv_obj.o(.text) for lv_init
    include.o(.text) refers to lv_port_disp.o(.text) for lv_port_disp_init
    include.o(.text) refers to lv_port_indev.o(.text) for lv_port_indev_init
    include.o(.text) refers to mapp.o(.text) for mApp_start
    include.o(.text) refers to touch.o(.data) for tp_dev
    checkbook.o(.text) refers to _printf_percent.o(.ARM.Collect$$_printf_percent$$00000000) for _printf_percent
    checkbook.o(.text) refers to _printf_d.o(.ARM.Collect$$_printf_percent$$00000009) for _printf_d
    checkbook.o(.text) refers to _printf_s.o(.ARM.Collect$$_printf_percent$$00000014) for _printf_s
    checkbook.o(.text) refers to _printf_dec.o(.text) for _printf_int_dec
    checkbook.o(.text) refers to _printf_str.o(.text) for _printf_str
    checkbook.o(.text) refers to strcpy.o(.text) for strcpy
    checkbook.o(.text) refers to rt_memclr_w.o(.text) for __aeabi_memclr4
    checkbook.o(.text) refers to esp8266.o(.text) for ESP8266_Clear
    checkbook.o(.text) refers to __2sprintf.o(.text) for __2sprintf
    checkbook.o(.text) refers to delay.o(.text) for delay_ms
    checkbook.o(.text) refers to strcmpv7m.o(.text) for strcmp
    led.o(.text) refers to stm32f4xx_rcc.o(.text) for RCC_AHB1PeriphClockCmd
    led.o(.text) refers to stm32f4xx_gpio.o(.text) for GPIO_Init
    lcd.o(.text) refers to _printf_percent.o(.ARM.Collect$$_printf_percent$$00000000) for _printf_percent
    lcd.o(.text) refers to _printf_x.o(.ARM.Collect$$_printf_percent$$0000000C) for _printf_x
    lcd.o(.text) refers to _printf_hex_int_ll_ptr.o(.text) for _printf_longlong_hex
    lcd.o(.text) refers to delay.o(.text) for delay_us
    lcd.o(.text) refers to lcd.o(.bss) for .bss
    lcd.o(.text) refers to lcd.o(.data) for .data
    lcd.o(.text) refers to dflt_clz.o(x$fpl$dfltu) for __aeabi_ui2d
    lcd.o(.text) refers to dmul.o(x$fpl$dmul) for __aeabi_dmul
    lcd.o(.text) refers to dfixu.o(x$fpl$dfixu) for __aeabi_d2uiz
    lcd.o(.text) refers to stm32f4xx_rcc.o(.text) for RCC_AHB1PeriphClockCmd
    lcd.o(.text) refers to stm32f4xx_gpio.o(.text) for GPIO_Init
[...]
    error_mbox_create                        0x0801bbdd   Thumb Code   122  mapp.o(.text)
    app_init                                 0x0801bc57   Thumb Code   492  mapp.o(.text)
    creat_tab1                               0x0801be43   Thumb Code   536  mapp.o(.text)
    creat_tab2                               0x0801c05b   Thumb Code   206  mapp.o(.text)
    mApp_start                               0x0801c129   Thumb Code    16  mapp.o(.text)
    msg_handler                              0x0801c139   Thumb Code    66  mapp.o(.text)
    draw_part_event_cb                       0x0801c17b   Thumb Code     2  mapp.o(.text)
    lv_example_table_1                       0x0801c17d   Thumb Code    76  mapp.o(.text)
    vListInitialise                          0x0801c301   Thumb Code    22  list.o(.text)
    vListInitialiseItem                      0x0801c317   Thumb Code     6  list.o(.text)
    vListInsertEnd                           0x0801c31d   Thumb Code    24  list.o(.text)
    vListInsert                              0x0801c335   Thumb Code    48  list.o(.text)
    uxListRemove                             0x0801c365   Thumb Code    36  list.o(.text)
    xQueueGenericReset                       0x0801c389   Thumb Code   130  queue.o(.text)
    xQueueGenericCreate                      0x0801c431   Thumb Code    64  queue.o(.text)
    xQueueGenericSend                        0x0801c5e9   Thumb Code   358  queue.o(.text)
    xQueueCreateMutex                        0x0801c78f   Thumb Code    24  queue.o(.text)
    xQueueGiveMutexRecursive                 0x0801c7a7   Thumb Code    62  queue.o(.text)
    xQueueGenericReceive                     0x0801c827   Thumb Code   386  queue.o(.text)
    xQueueTakeMutexRecursive                 0x0801c9a9   Thumb Code    70  queue.o(.text)
    xQueueCreateCountingSemaphore            0x0801c9ef   Thumb Code    64  queue.o(.text)
    xQueueGenericSendFromISR                 0x0801ca2f   Thumb Code   210  queue.o(.text)
    xQueueGiveFromISR                        0x0801cb01   Thumb Code   184  queue.o(.text)
    xQueueReceiveFromISR                     0x0801cbb9   Thumb Code   152  queue.o(.text)
    xQueuePeekFromISR                        0x0801cc51   Thumb Code   120  queue.o(.text)
    uxQueueMessagesWaiting                   0x0801ccc9   Thumb Code    38  queue.o(.text)
    uxQueueSpacesAvailable                   0x0801ccef   Thumb Code    42  queue.o(.text)
    uxQueueMessagesWaitingFromISR            0x0801cd19   Thumb Code    28  queue.o(.text)
    vQueueUnregisterQueue                    0x0801cd35   Thumb Code    36  queue.o(.text)
    vQueueDelete                             0x0801cd59   Thumb Code    40  queue.o(.text)
    uxQueueGetQueueNumber                    0x0801cd81   Thumb Code     4  queue.o(.text)
    vQueueSetQueueNumber                     0x0801cd85   Thumb Code     4  queue.o(.text)
    ucQueueGetQueueType                      0x0801cd89   Thumb Code     6  queue.o(.text)
    xQueueIsQueueEmptyFromISR                0x0801cd8f   Thumb Code    36  queue.o(.text)
    xQueueIsQueueFullFromISR                 0x0801cdb3   Thumb Code    40  queue.o(.text)
    vQueueAddToRegistry                      0x0801cddb   Thumb Code    32  queue.o(.text)
    pcQueueGetName                           0x0801cdfb   Thumb Code    34  queue.o(.text)
    vQueueWaitForMessageRestricted           0x0801ce1d   Thumb Code    70  queue.o(.text)
    xQueueCreateSet                          0x0801ce63   Thumb Code     8  queue.o(.text)
    xQueueAddToSet                           0x0801ce6b   Thumb Code    38  queue.o(.text)
    xQueueRemoveFromSet                      0x0801ce91   Thumb Code    38  queue.o(.text)
    xQueueSelectFromSet                      0x0801ceb7   Thumb Code    18  queue.o(.text)
    xQueueSelectFromSetFromISR               0x0801cec9   Thumb Code    18  queue.o(.text)
    xTaskCreate                              0x0801d043   Thumb Code    96  tasks.o(.text)
    vTaskDelete                              0x0801d0d5   Thumb Code   154  tasks.o(.text)
    xTaskIncrementTick                       0x0801d16f   Thumb Code   192  tasks.o(.text)
    xTaskResumeAll                           0x0801d22f   Thumb Code   242  tasks.o(.text)
    vTaskSuspendAll                          0x0801d387   Thumb Code    10  tasks.o(.text)
    vTaskDelayUntil                          0x0801d391   Thumb Code   144  tasks.o(.text)
    vTaskDelay                               0x0801d421   Thumb Code    70  tasks.o(.text)
    eTaskGetState                            0x0801d467   Thumb Code    98  tasks.o(.text)
    uxTaskPriorityGet                        0x0801d4c9   Thumb Code    24  tasks.o(.text)
    uxTaskPriorityGetFromISR                 0x0801d4e1   Thumb Code    40  tasks.o(.text)
    vTaskPrioritySet                         0x0801d509   Thumb Code   192  tasks.o(.text)
    vTaskSwitchContext                       0x0801d5c9   Thumb Code    88  tasks.o(.text)
    vTaskSuspend                             0x0801d621   Thumb Code   156  tasks.o(.text)
    vTaskResume                              0x0801d6ef   Thumb Code   138  tasks.o(.text)
    xTaskResumeFromISR                       0x0801d779   Thumb Code   130  tasks.o(.text)
    vTaskStartScheduler                      0x0801d865   Thumb Code   100  tasks.o(.text)
    vTaskEndScheduler                        0x0801d8c9   Thumb Code    24  tasks.o(.text)
    xTaskGetTickCount                        0x0801d8e1   Thumb Code     6  tasks.o(.text)
    xTaskGetTickCountFromISR                 0x0801d8e7   Thumb Code    12  tasks.o(.text)
    uxTaskGetNumberOfTasks                   0x0801d8f3   Thumb Code     6  tasks.o(.text)
    pcTaskGetName                            0x0801d8f9   Thumb Code    40  tasks.o(.text)
    vTaskGetInfo                             0x0801d935   Thumb Code   120  tasks.o(.text)
    uxTaskGetSystemState                     0x0801da07   Thumb Code   158  tasks.o(.text)
    vTaskPlaceOnEventList                    0x0801daa5   Thumb Code    48  tasks.o(.text)
    vTaskPlaceOnUnorderedEventList           0x0801dad5   Thumb Code   112  tasks.o(.text)
    vTaskPlaceOnEventListRestricted          0x0801db45   Thumb Code    58  tasks.o(.text)
    xTaskRemoveFromEventList                 0x0801db7f   Thumb Code   110  tasks.o(.text)
    xTaskRemoveFromUnorderedEventList        0x0801dbed   Thumb Code   118  tasks.o(.text)
    vTaskSetTimeOutState                     0x0801dc63   Thumb Code    36  tasks.o(.text)
    xTaskCheckForTimeOut                     0x0801dc87   Thumb Code   112  tasks.o(.text)
    vTaskMissedYield                         0x0801dcf7   Thumb Code     8  tasks.o(.text)
    uxTaskGetTaskNumber                      0x0801dcff   Thumb Code    12  tasks.o(.text)
    vTaskSetTaskNumber                       0x0801dd0b   Thumb Code     8  tasks.o(.text)
    xTaskGetCurrentTaskHandle                0x0801dd13   Thumb Code     6  tasks.o(.text)
    xTaskGetSchedulerState                   0x0801dd19   Thumb Code    24  tasks.o(.text)
    vTaskPriorityInherit                     0x0801dd31   Thumb Code   126  tasks.o(.text)
    xTaskPriorityDisinherit                  0x0801ddaf   Thumb Code   144  tasks.o(.text)
    vTaskList                                0x0801de63   Thumb Code   168  tasks.o(.text)
    uxTaskResetEventItemValue                0x0801df0b   Thumb Code    20  tasks.o(.text)
    pvTaskIncrementMutexHeldCount            0x0801df1f   Thumb Code    20  tasks.o(.text)
    ulTaskNotifyTake                         0x0801df33   Thumb Code   126  tasks.o(.text)
    xTaskNotifyWait                          0x0801dfb1   Thumb Code   132  tasks.o(.text)
    xTaskGenericNotify                       0x0801e035   Thumb Code   194  tasks.o(.text)
    xTaskGenericNotifyFromISR                0x0801e0f7   Thumb Code   242  tasks.o(.text)
    vTaskNotifyGiveFromISR                   0x0801e1e9   Thumb Code   174  tasks.o(.text)
    xTaskNotifyStateClear                    0x0801e297   Thumb Code    46  tasks.o(.text)
    xTimerGenericCommand                     0x0801e311   Thumb Code   112  timers.o(.text)
    xTimerCreateTimerTask                    0x0801e5f7   Thumb Code    58  timers.o(.text)
    xTimerCreate                             0x0801e673   Thumb Code    46  timers.o(.text)
    xTimerGetTimerDaemonTaskHandle           0x0801e6a1   Thumb Code   100  timers.o(.text)
    xTimerGetPeriod                          0x0801e705   Thumb Code    28  timers.o(.text)
    xTimerGetExpiryTime                      0x0801e721   Thumb Code    28  timers.o(.text)
    pcTimerGetName                           0x0801e73d   Thumb Code    28  timers.o(.text)
    xTimerIsTimerActive                      0x0801e759   Thumb Code    46  timers.o(.text)
    pvTimerGetTimerID                        0x0801e787   Thumb Code    38  timers.o(.text)
    vTimerSetTimerID                         0x0801e7ad   Thumb Code    40  timers.o(.text)
    xTimerPendFunctionCallFromISR            0x0801e7d5   Thumb Code    34  timers.o(.text)
    xTimerPendFunctionCall                   0x0801e7f7   Thumb Code    66  timers.o(.text)
    pxPortInitialiseStack                    0x0801e861   Thumb Code    30  port.o(.text)
    vPortSetupTimerInterrupt                 0x0801e87f   Thumb Code    26  port.o(.text)
    xPortStartScheduler                      0x0801e899   Thumb Code   192  port.o(.text)
    vPortEndScheduler                        0x0801e959   Thumb Code    24  port.o(.text)
    vPortEnterCritical                       0x0801e971   Thumb Code    52  port.o(.text)
    vPortExitCritical                        0x0801e9a5   Thumb Code    38  port.o(.text)
    xPortSysTickHandler                      0x0801e9cb   Thumb Code    40  port.o(.text)
    vPortValidateInterruptPriority           0x0801e9f3   Thumb Code    72  port.o(.text)
    pvPortMalloc                             0x0801eb27   Thumb Code   206  heap_4.o(.text)
    vPortFree                                0x0801ebf5   Thumb Code    96  heap_4.o(.text)
    xPortGetFreeHeapSize                     0x0801ec55   Thumb Code     8  heap_4.o(.text)
    xPortGetMinimumEverFreeHeapSize          0x0801ec5d   Thumb Code     8  heap_4.o(.text)
    vPortInitialiseBlocks                    0x0801ec65   Thumb Code     2  heap_4.o(.text)
    malloc                                   0x0801eca9   Thumb Code    94  h1_alloc.o(.text)
    vsnprintf                                0x0801ed09   Thumb Code    48  vsnprintf.o(.text)
    __2printf                                0x0801ed3d   Thumb Code    20  __2printf.o(.text)
    __2sprintf                               0x0801ed55   Thumb Code    38  __2sprintf.o(.text)
    _printf_str                              0x0801ed81   Thumb Code    82  _printf_str.o(.text)
    _printf_int_dec                          0x0801edd5   Thumb Code   104  _printf_dec.o(.text)
    _printf_longlong_hex                     0x0801ee4d   Thumb Code    86  _printf_hex_int_ll_ptr.o(.text)
    _printf_int_hex                          0x0801eea3   Thumb Code    28  _printf_hex_int_ll_ptr.o(.text)
    _printf_ll_hex                           0x0801eebf   Thumb Code    12  _printf_hex_int_ll_ptr.o(.text)
    _printf_hex_ptr                          0x0801eecb   Thumb Code    18  _printf_hex_int_ll_ptr.o(.text)
    __printf                                 0x0801eee1   Thumb Code   388  __printf_flags_ss_wp.o(.text)
    strchr                                   0x0801f069   Thumb Code    20  strchr.o(.text)
    strstr                                   0x0801f07d   Thumb Code    36  strstr.o(.text)
    strcpy                                   0x0801f0a1   Thumb Code    72  strcpy.o(.text)
    strlen                                   0x0801f0e9   Thumb Code    62  strlen.o(.text)
    __aeabi_memcpy                           0x0801f127   Thumb Code     0  rt_memcpy_v6.o(.text)
    __rt_memcpy                              0x0801f127   Thumb Code   138  rt_memcpy_v6.o(.text)
    _memcpy_lastbytes                        0x0801f18d   Thumb Code     0  rt_memcpy_v6.o(.text)
    __aeabi_memcpy4                          0x0801f1b1   Thumb Code     0  rt_memcpy_w.o(.text)
    __aeabi_memcpy8                          0x0801f1b1   Thumb Code     0  rt_memcpy_w.o(.text)
    __rt_memcpy_w                            0x0801f1b1   Thumb Code   100  rt_memcpy_w.o(.text)
    _memcpy_lastbytes_aligned                0x0801f1f9   Thumb Code     0  rt_memcpy_w.o(.text)
    __aeabi_memset                           0x0801f215   Thumb Code    16  aeabi_memset.o(.text)
    __aeabi_memclr                           0x0801f225   Thumb Code     0  rt_memclr.o(.text)
    __rt_memclr                              0x0801f225   Thumb Code    68  rt_memclr.o(.text)
    _memset                                  0x0801f229   Thumb Code     0  rt_memclr.o(.text)
    __aeabi_memclr4                          0x0801f269   Thumb Code     0  rt_memclr_w.o(.text)
    __aeabi_memclr8                          0x0801f269   Thumb Code     0  rt_memclr_w.o(.text)
    __rt_memclr_w                            0x0801f269   Thumb Code    78  rt_memclr_w.o(.text)
    _memset_w                                0x0801f26d   Thumb Code     0  rt_memclr_w.o(.text)
    strcmp                                   0x0801f2b9   Thumb Code   128  strcmpv7m.o(.text)
    __use_two_region_memory                  0x0801f339   Thumb Code     2  heapauxi.o(.text)
    __rt_heap_escrow                         0x0801f33b   Thumb Code     2  heapauxi.o(.text)
    __rt_heap_expand                         0x0801f33d   Thumb Code     2  heapauxi.o(.text)
    __rt_heap_descriptor                     0x0801f341   Thumb Code     8  rt_heap_descriptor_intlibspace.o(.text)
    __use_no_heap                            0x0801f349   Thumb Code     2  hguard.o(.text)
    __heap$guard                             0x0801f34b   Thumb Code     2  hguard.o(.text)
    _terminate_user_alloc                    0x0801f34d   Thumb Code     2  init_alloc.o(.text)
    _init_user_alloc                         0x0801f34f   Thumb Code     2  init_alloc.o(.text)
    __Heap_Full                              0x0801f351   Thumb Code    34  init_alloc.o(.text)
    __Heap_Broken                            0x0801f373   Thumb Code     6  init_alloc.o(.text)
    _init_alloc                              0x0801f379   Thumb Code    94  init_alloc.o(.text)
    __Heap_Initialize                        0x0801f3d7   Thumb Code    10  h1_init.o(.text)
    __Heap_DescSize                          0x0801f3e1   Thumb Code     4  h1_init.o(.text)
    free                                     0x0801f3e5   Thumb Code    78  h1_free.o(.text)
    __read_errno                             0x0801f433   Thumb Code    10  _rserrno.o(.text)
    __set_errno                              0x0801f43d   Thumb Code    12  _rserrno.o(.text)
    _printf_pre_padding                      0x0801f449   Thumb Code    44  _printf_pad.o(.text)
    _printf_post_padding                     0x0801f475   Thumb Code    34  _printf_pad.o(.text)
    _printf_truncate_signed                  0x0801f497   Thumb Code    18  _printf_truncate.o(.text)
    _printf_truncate_unsigned                0x0801f4a9   Thumb Code    18  _printf_truncate.o(.text)
    _printf_int_common                       0x0801f4bb   Thumb Code   178  _printf_intcommon.o(.text)
    _printf_charcount                        0x0801f56d   Thumb Code    40  _printf_charcount.o(.text)
    _printf_char_common                      0x0801f59f   Thumb Code    32  _printf_char_common.o(.text)
    _sputc                                   0x0801f5c5   Thumb Code    10  _sputc.o(.text)
    _snputc                                  0x0801f5cf   Thumb Code    16  _snputc.o(.text)
    _printf_cs_common                        0x0801f5df   Thumb Code    20  _printf_char.o(.text)
    _printf_char                             0x0801f5f3   Thumb Code    16  _printf_char.o(.text)
    _printf_string                           0x0801f603   Thumb Code     8  _printf_char.o(.text)
    _printf_char_file                        0x0801f60d   Thumb Code    32  _printf_char_file.o(.text)
    _printf_wctomb                           0x0801f631   Thumb Code   182  _printf_wctomb.o(.text)
    _printf_longlong_dec                     0x0801f6ed   Thumb Code   108  _printf_longlong_dec.o(.text)
    _printf_longlong_oct                     0x0801f769   Thumb Code    66  _printf_oct_int_ll.o(.text)
    _printf_int_oct                          0x0801f7ab   Thumb Code    24  _printf_oct_int_ll.o(.text)
    _printf_ll_oct                           0x0801f7c3   Thumb Code    12  _printf_oct_int_ll.o(.text)
    __user_libspace                          0x0801f7d9   Thumb Code     8  libspace.o(.text)
    __user_perproc_libspace                  0x0801f7d9   Thumb Code     0  libspace.o(.text)
    __user_perthread_libspace                0x0801f7d9   Thumb Code     0  libspace.o(.text)
    __aeabi_errno_addr                       0x0801f7e1   Thumb Code     8  rt_errno_addr_intlibspace.o(.text)
    __errno$intlibspace                      0x0801f7e1   Thumb Code     0  rt_errno_addr_intlibspace.o(.text)
    __rt_errno_addr$intlibspace              0x0801f7e1   Thumb Code     0  rt_errno_addr_intlibspace.o(.text)
    __Heap_ProvideMemory                     0x0801f7e9   Thumb Code    52  h1_extend.o(.text)
    _ll_udiv10                               0x0801f81d   Thumb Code   138  lludiv10.o(.text)
    __lib_sel_fp_printf                      0x0801f8a7   Thumb Code     2  _printf_fp_dec.o(.text)
    _printf_fp_dec_real                      0x0801fa59   Thumb Code   620  _printf_fp_dec.o(.text)
    _printf_fp_hex_real                      0x0801fcc5   Thumb Code   756  _printf_fp_hex.o(.text)
    _printf_lcs_common                       0x0801ffc1   Thumb Code    20  _printf_wchar.o(.text)
    _printf_wchar                            0x0801ffd5   Thumb Code    16  _printf_wchar.o(.text)
    _printf_wstring                          0x0801ffe5   Thumb Code     8  _printf_wchar.o(.text)
    ferror                                   0x0801ffed   Thumb Code     8  ferror.o(.text)
    _wcrtomb                                 0x0801fff5   Thumb Code    64  _wcrtomb.o(.text)
    __rt_SIGRTMEM                            0x08020035   Thumb Code    14  defsig_rtmem_outer.o(.text)
    __I$use$semihosting                      0x08020043   Thumb Code     0  use_no_semi.o(.text)
    __use_no_semihosting_swi                 0x08020043   Thumb Code     2  use_no_semi.o(.text)
    __semihosting_library_function           0x08020045   Thumb Code     0  indicate_semi.o(.text)
    __user_setup_stackheap                   0x08020045   Thumb Code    74  sys_stackheap_outer.o(.text)
    __rt_ctype_table                         0x08020091   Thumb Code    16  rt_ctype_table.o(.text)
    __rt_locale                              0x080200a1   Thumb Code     8  rt_locale_intlibspace.o(.text)
    _printf_fp_infnan                        0x080200a9   Thumb Code   112  _printf_fp_infnan.o(.text)
    _btod_etento                             0x08020129   Thumb Code   224  bigflt0.o(.text)
    exit                                     0x0802020d   Thumb Code    18  exit.o(.text)
    __sig_exit                               0x0802021f   Thumb Code    10  defsig_exit.o(.text)
    __rt_SIGRTMEM_inner                      0x08020229   Thumb Code    22  defsig_rtmem_inner.o(.text)
    __default_signal_display                 0x08020279   Thumb Code    50  defsig_general.o(.text)
    _ttywrch                                 0x080202ab   Thumb Code    14  sys_wrch.o(.text)
    _btod_d2e                                0x080202b9   Thumb Code    62  btod.o(CL$$btod_d2e)
    _d2e_denorm_low                          0x080202f7   Thumb Code    70  btod.o(CL$$btod_d2e_denorm_low)
    _d2e_norm_op1                            0x0802033d   Thumb Code    96  btod.o(CL$$btod_d2e_norm_op1)
    __btod_div_common                        0x0802039d   Thumb Code   696  btod.o(CL$$btod_div_common)
    _e2e                                     0x080206d5   Thumb Code   220  btod.o(CL$$btod_e2e)
    _btod_ediv                               0x080207b1   Thumb Code    42  btod.o(CL$$btod_ediv)
    _btod_emul                               0x080207db   Thumb Code    42  btod.o(CL$$btod_emul)
    __btod_mult_common                       0x08020805   Thumb Code   580  btod.o(CL$$btod_mult_common)
    __ARM_fpclassify                         0x08020a49   Thumb Code    48  fpclassify.o(i.__ARM_fpclassify)
    __hardfp_sqrt                            0x08020a79   Thumb Code   122  sqrt.o(i.__hardfp_sqrt)
    _is_digit                                0x08020af3   Thumb Code    14  __printf_wp.o(i._is_digit)
    _get_lc_numeric                          0x08020b01   Thumb Code    44  lc_numeric_c.o(locale$$code)
    _get_lc_ctype                            0x08020b2d   Thumb Code    44  lc_ctype_c.o(locale$$code)
    __aeabi_dadd                             0x08020b59   Thumb Code     0  daddsub_clz.o(x$fpl$dadd)
    _dadd                                    0x08020b59   Thumb Code   332  daddsub_clz.o(x$fpl$dadd)
    __fpl_dcmp_Inf                           0x08020ca9   Thumb Code    24  dcmpi.o(x$fpl$dcmpinf)
    __aeabi_d2uiz                            0x08020cc1   Thumb Code     0  dfixu.o(x$fpl$dfixu)
    _dfixu                                   0x08020cc1   Thumb Code    90  dfixu.o(x$fpl$dfixu)
    __aeabi_ui2d                             0x08020d1b   Thumb Code     0  dflt_clz.o(x$fpl$dfltu)
    _dfltu                                   0x08020d1b   Thumb Code    38  dflt_clz.o(x$fpl$dfltu)
    __aeabi_cdcmple                          0x08020d41   Thumb Code     0  dleqf.o(x$fpl$dleqf)
    _dcmple                                  0x08020d41   Thumb Code   120  dleqf.o(x$fpl$dleqf)
    __fpl_dcmple_InfNaN                      0x08020da3   Thumb Code     0  dleqf.o(x$fpl$dleqf)
    __aeabi_dmul                             0x08020db9   Thumb Code     0  dmul.o(x$fpl$dmul)
    _dmul                                    0x08020db9   Thumb Code   332  dmul.o(x$fpl$dmul)
    __fpl_dnaninf                            0x08020f0d   Thumb Code   156  dnaninf.o(x$fpl$dnaninf)
    __fpl_dretinf                            0x08020fa9   Thumb Code    12  dretinf.o(x$fpl$dretinf)
    __aeabi_cdrcmple                         0x08020fb5   Thumb Code     0  drleqf.o(x$fpl$drleqf)
    _drcmple                                 0x08020fb5   Thumb Code   108  drleqf.o(x$fpl$drleqf)
    __aeabi_drsub                            0x08021021   Thumb Code     0  daddsub_clz.o(x$fpl$drsb)
    _drsb                                    0x08021021   Thumb Code    22  daddsub_clz.o(x$fpl$drsb)
    _dsqrt                                   0x08021039   Thumb Code   404  dsqrt_umaal.o(x$fpl$dsqrt)
    __aeabi_dsub                             0x080211d1   Thumb Code     0  daddsub_clz.o(x$fpl$dsub)
    _dsub                                    0x080211d1   Thumb Code   464  daddsub_clz.o(x$fpl$dsub)
    __aeabi_f2d                              0x080213a5   Thumb Code     0  f2d.o(x$fpl$f2d)
    _f2d                                     0x080213a5   Thumb Code    86  f2d.o(x$fpl$f2d)
    __fpl_fnaninf                            0x080213fb   Thumb Code   140  fnaninf.o(x$fpl$fnaninf)
    _fp_init                                 0x08021487   Thumb Code    10  fpinit.o(x$fpl$fpinit)
    __fplib_config_fpu_vfp                   0x0802148f   Thumb Code     0  fpinit.o(x$fpl$fpinit)
    __fplib_config_pureend_doubles           0x0802148f   Thumb Code     0  fpinit.o(x$fpl$fpinit)
    _printf_fp_dec                           0x08021491   Thumb Code     4  printf1.o(x$fpl$printf1)
    _printf_fp_hex                           0x08021495   Thumb Code     4  printf2.o(x$fpl$printf2)
    __I$use$fp                               0x08021498   Number         0  usenofp.o(x$fpl$usenofp)
    asc2_1206                                0x08021498   Data        1140  lcd.o(.constdata)
    asc2_1608                                0x0802190c   Data        1520  lcd.o(.constdata)
    asc2_2412                                0x08021efc   Data        3420  lcd.o(.constdata)
    GT9147_CFG_TBL                           0x08022c58   Data         184  gt9147.o(.constdata)
    GT9147_TPX_TBL                           0x08022d10   Data          10  gt9147.o(.constdata)
    OTT_TPX_TBL                              0x08022d1a   Data          10  ott2001a.o(.constdata)
    FT5206_TPX_TBL                           0x08022d24   Data          10  ft5206.o(.constdata)
    TP_REMIND_MSG_TBL                        0x08022d30   Data           4  touch.o(.constdata)
    FSMC_DefaultTimingStruct                 0x08022d34   Data          28  stm32f4xx_fsmc.o(.constdata)
    MBOX_MAP                                 0x08029d14   Data          12  mapp.o(.constdata)
    qrcode_map                               0x08029d20   Data       115200  qrcode.o(.constdata)
    qrcode                                   0x08045f20   Data          12  qrcode.o(.constdata)
    Region$$Table$$Base                      0x08046274   Number         0  anon$$obj.o(Region$$Table)
    Region$$Table$$Limit                     0x08046294   Number         0  anon$$obj.o(Region$$Table)
    __ctype                                  0x080462bd   Data           0  lc_ctype_c.o(locale$$data)
    msg_flag                                 0x20000000   Data           1  main.o(.data)
    bookIndex                                0x20000004   Data           4  main.o(.data)
    musicIndex                               0x20000008   Data           4  main.o(.data)
    error_index                              0x2000000c   Data           4  main.o(.data)
    error_index1                             0x20000010   Data           4  main.o(.data)
    preview_flag                             0x20000014   Data           4  main.o(.data)
    dataPtr                                  0x20000018   Data           4  main.o(.data)
    cmd                                      0x2000001c   Data           4  main.o(.data)
    bookid                                   0x20000020   Data           4  main.o(.data)
    i                                        0x20000024   Data           4  main.o(.data)
    StartTask_Handler                        0x20000028   Data           4  main.o(.data)
    CtrlTask_Handler                         0x2000002c   Data           4  main.o(.data)
    GUI_Handler                              0x20000030   Data           4  main.o(.data)
    Cmd_Handler                              0x20000034   Data           4  main.o(.data)
    PushBook_Handler                         0x20000038   Data           4  main.o(.data)
    GetBook_Handler                          0x2000003c   Data           4  main.o(.data)
    PreviewBook_Handler                      0x20000040   Data           4  main.o(.data)
    Error_handler                            0x20000044   Data           4  main.o(.data)
    Other_Handler                            0x20000048   Data           4  main.o(.data)
    Tip_Handler                              0x2000004c   Data           4  main.o(.data)
    BinarySemaphore                          0x20000050   Data           4  main.o(.data)
    SystemCoreClock                          0x20000054   Data           4  system_stm32f4xx.o(.data)
    AHBPrescTable                            0x20000058   Data          16  system_stm32f4xx.o(.data)
    POINT_COLOR                              0x20000068   Data           2  lcd.o(.data)
    BACK_COLOR                               0x2000006a   Data           2  lcd.o(.data)
    CMD_RDX                                  0x20000070   Data           1  touch.o(.data)
    CMD_RDY                                  0x20000071   Data           1  touch.o(.data)
    tp_dev                                   0x20000074   Data          52  touch.o(.data)
    esp8266_cnt                              0x200000a8   Data           2  esp8266.o(.data)
    esp8266_cntPre                           0x200000aa   Data           2  esp8266.o(.data)
    USART_RX_STA                             0x200000b0   Data           2  usart.o(.data)
    __stdout                                 0x200000b4   Data           4  usart.o(.data)
    lv_font_roboto_28                        0x20000128   Data          16  lv_font_roboto_28.o(.data)
    _lv_img_cache_array                      0x2000014c   Data           4  lv_gc.o(.data)
    _lv_task_act                             0x20000150   Data           4  lv_gc.o(.data)
    _lv_draw_buf                             0x20000154   Data           4  lv_gc.o(.data)
    lv_txt_encoded_size                      0x20000174   Data           4  lv_txt.o(.data)
    lv_txt_encoded_next                      0x20000178   Data           4  lv_txt.o(.data)
    lv_txt_encoded_prev                      0x2000017c   Data           4  lv_txt.o(.data)
    lv_txt_encoded_get_byte_id               0x20000180   Data           4  lv_txt.o(.data)
    lv_txt_unicode_to_encoded                0x20000184   Data           4  lv_txt.o(.data)
    lv_encoded_get_char_id                   0x20000188   Data           4  lv_txt.o(.data)
    lv_txt_get_encoded_length                0x2000018c   Data           4  lv_txt.o(.data)
    fun                                      0x20000470   Data           4  mapp.o(.data)
    tabview1                                 0x20000474   Data           4  mapp.o(.data)
    kb1                                      0x20000478   Data           4  mapp.o(.data)
    btn1                                     0x2000047c   Data           4  mapp.o(.data)
    btn2                                     0x20000480   Data           4  mapp.o(.data)
    error_btn                                0x20000484   Data           4  mapp.o(.data)
    ta1                                      0x20000488   Data           4  mapp.o(.data)
    tab1_page                                0x2000048c   Data           4  mapp.o(.data)
    tab2_page                                0x20000490   Data           4  mapp.o(.data)
    quit_mbox                                0x20000494   Data           4  mapp.o(.data)
    sell_mbox                                0x20000498   Data           4  mapp.o(.data)
    buy_mbox                                 0x2000049c   Data           4  mapp.o(.data)
    preview_mbox                             0x200004a0   Data           4  mapp.o(.data)
    commit_mbox                              0x200004a4   Data           4  mapp.o(.data)
    error_mbox                               0x200004a8   Data           4  mapp.o(.data)
    pxCurrentTCB                             0x200004ac   Data           4  tasks.o(.data)
    BOOK                                     0x20000520   Data         640  main.o(.bss)
    lcddev                                   0x200007a0   Data          14  lcd.o(.bss)
    esp8266_buf                              0x200007ae   Data         128  esp8266.o(.bss)
    send_buf                                 0x2000082e   Data          10  music.o(.bss)
    USART_RX_BUF                             0x20000838   Data         200  usart.o(.bss)
    lv_style_scr                             0x20000900   Data          60  lv_style.o(.bss)
    lv_style_transp                          0x2000093c   Data          60  lv_style.o(.bss)
    lv_style_transp_fit                      0x20000978   Data          60  lv_style.o(.bss)
    lv_style_transp_tight                    0x200009b4   Data          60  lv_style.o(.bss)
    lv_style_plain                           0x200009f0   Data          60  lv_style.o(.bss)
    lv_style_plain_color                     0x20000a2c   Data          60  lv_style.o(.bss)
    lv_style_pretty                          0x20000a68   Data          60  lv_style.o(.bss)
    lv_style_pretty_color                    0x20000aa4   Data          60  lv_style.o(.bss)
    lv_style_btn_rel                         0x20000ae0   Data          60  lv_style.o(.bss)
    lv_style_btn_pr                          0x20000b1c   Data          60  lv_style.o(.bss)
    lv_style_btn_tgl_rel                     0x20000b58   Data          60  lv_style.o(.bss)
    lv_style_btn_tgl_pr                      0x20000b94   Data          60  lv_style.o(.bss)
    lv_style_btn_ina                         0x20000bd0   Data          60  lv_style.o(.bss)
    _lv_task_ll                              0x20000c0c   Data          12  lv_gc.o(.bss)
    _lv_disp_ll                              0x20000c18   Data          12  lv_gc.o(.bss)
    _lv_indev_ll                             0x20000c24   Data          12  lv_gc.o(.bss)
    _lv_anim_ll                              0x20000c30   Data          12  lv_gc.o(.bss)
    _lv_group_ll                             0x20000c3c   Data          12  lv_gc.o(.bss)
    _lv_img_defoder_ll                       0x20000c48   Data          12  lv_gc.o(.bss)
    bg_style                                 0x200066f8   Data          60  mapp.o(.bss)
    indic_style                              0x20006734   Data          60  mapp.o(.bss)
    btn_bg_style                             0x20006770   Data          60  mapp.o(.bss)
    btn_rel_style                            0x200067ac   Data          60  mapp.o(.bss)
    btn_pr_style                             0x200067e8   Data          60  mapp.o(.bss)
    btn_tgl_rel_style                        0x20006824   Data          60  mapp.o(.bss)
    btn_tgl_pr_style                         0x20006860   Data          60  mapp.o(.bss)
    sel_style                                0x2000689c   Data          60  mapp.o(.bss)
    xQueueRegistry                           0x200068d8   Data          64  queue.o(.bss)
    __libspace_start                         0x2000bc24   Data          96  libspace.o(.bss)
    __temporary_stack_top$libspace           0x2000bc84   Data           0  libspace.o(.bss)



==============================================================================

Memory Map of the image

  Image Entry point : 0x08000189

  Load Region LR_IROM1 (Base: 0x08000000, Size: 0x000468e0, Max: 0x00100000, ABSOLUTE, COMPRESSED[0x000465c8])

    Execution Region ER_IROM1 (Exec base: 0x08000000, Load base: 0x08000000, Size: 0x000463c0, Max: 0x00100000, ABSOLUTE)

    Exec Addr    Load Addr    Size         Type   Attr      Idx    E Section Name        Object

    0x08000000   0x08000000   0x00000188   Data   RO         1320    RESET               startup_stm32f40_41xxx.o
    0x08000188   0x08000188   0x00000008   Code   RO         5481  * !!!main             c_w.l(__main.o)
    0x08000190   0x08000190   0x00000034   Code   RO         5858    !!!scatter          c_w.l(__scatter.o)
    0x080001c4   0x080001c4   0x0000005a   Code   RO         5856    !!dczerorl2         c_w.l(__dczerorl2.o)
    0x0800021e   0x0800021e   0x00000002   PAD
    0x08000220   0x08000220   0x0000001c   Code   RO         5860    !!handler_zi        c_w.l(__scatter_zi.o)
    0x0800023c   0x0800023c   0x00000000   Code   RO         5458    .ARM.Collect$$_printf_percent$$00000000  c_w.l(_printf_percent.o)
    0x0800023c   0x0800023c   0x00000006   Code   RO         5584    .ARM.Collect$$_printf_percent$$00000001  c_w.l(_printf_n.o)
    0x08000242   0x08000242   0x00000006   Code   RO         5585    .ARM.Collect$$_printf_percent$$00000002  c_w.l(_printf_p.o)
    0x08000248   0x08000248   0x00000006   Code   RO         5588    .ARM.Collect$$_printf_percent$$00000003  c_w.l(_printf_f.o)
    0x0800024e   0x0800024e   0x00000006   Code   RO         5589    .ARM.Collect$$_printf_percent$$00000004  c_w.l(_printf_e.o)
    0x08000254   0x08000254   0x00000006   Code   RO         5590    .ARM.Collect$$_printf_percent$$00000005  c_w.l(_printf_g.o)
    0x0800025a   0x0800025a   0x00000006   Code   RO         5591    .ARM.Collect$$_printf_percent$$00000006  c_w.l(_printf_a.o)
    0x08000260   0x08000260   0x0000000a   Code   RO         5596    .ARM.Collect$$_printf_percent$$00000007  c_w.l(_printf_ll.o)
    0x0800026a   0x0800026a   0x00000006   Code   RO         5587    .ARM.Collect$$_printf_percent$$00000008  c_w.l(_printf_i.o)
    0x08000270   0x08000270   0x00000006   Code   RO         5456    .ARM.Collect$$_printf_percent$$00000009  c_w.l(_printf_d.o)
    0x08000276   0x08000276   0x00000006   Code   RO         5457    .ARM.Collect$$_printf_percent$$0000000A  c_w.l(_printf_u.o)
    0x0800027c   0x0800027c   0x00000006   Code   RO         5586    .ARM.Collect$$_printf_percent$$0000000B  c_w.l(_printf_o.o)
    0x08000282   0x08000282   0x00000006   Code   RO         5455    .ARM.Collect$$_printf_percent$$0000000C  c_w.l(_printf_x.o)
    0x08000288   0x08000288   0x00000006   Code   RO         5593    .ARM.Collect$$_printf_percent$$0000000D  c_w.l(_printf_lli.o)
    0x0800028e   0x0800028e   0x00000006   Code   RO         5594    .ARM.Collect$$_printf_percent$$0000000E  c_w.l(_printf_lld.o)
    0x08000294   0x08000294   0x00000006   Code   RO         5595    .ARM.Collect$$_printf_percent$$0000000F  c_w.l(_printf_llu.o)
    0x0800029a   0x0800029a   0x00000006   Code   RO         5600    .ARM.Collect$$_printf_percent$$00000010  c_w.l(_printf_llo.o)
    0x080002a0   0x080002a0   0x00000006   Code   RO         5601    .ARM.Collect$$_printf_percent$$00000011  c_w.l(_printf_llx.o)
    0x080002a6   0x080002a6   0x0000000a   Code   RO         5597    .ARM.Collect$$_printf_percent$$00000012  c_w.l(_printf_l.o)
    0x080002b0   0x080002b0   0x00000006   Code   RO         5453    .ARM.Collect$$_printf_percent$$00000013  c_w.l(_printf_c.o)
    0x080002b6   0x080002b6   0x00000006   Code   RO         5454    .ARM.Collect$$_printf_percent$$00000014  c_w.l(_printf_s.o)
    0x080002bc   0x080002bc   0x00000006   Code   RO         5598    .ARM.Collect$$_printf_percent$$00000015  c_w.l(_printf_lc.o)
    0x080002c2   0x080002c2   0x00000006   Code   RO         5599    .ARM.Collect$$_printf_percent$$00000016  c_w.l(_printf_ls.o)
    0x080002c8   0x080002c8   0x00000004   Code   RO         5592    .ARM.Collect$$_printf_percent$$00000017  c_w.l(_printf_percent_end.o)
    0x080002cc   0x080002cc   0x00000002   Code   RO         5790    .ARM.Collect$$libinit$$00000000  c_w.l(libinit.o)
    0x080002ce   0x080002ce   0x00000004   Code   RO         5604    .ARM.Collect$$libinit$$00000001  c_w.l(libinit2.o)
    0x080002d2   0x080002d2   0x00000000   Code   RO         5607    .ARM.Collect$$libinit$$00000004  c_w.l(libinit2.o)
    0x080002d2   0x080002d2   0x00000008   Code   RO         5608    .ARM.Collect$$libinit$$00000005  c_w.l(libinit2.o)
    0x080002da   0x080002da   0x00000000   Code   RO         5610    .ARM.Collect$$libinit$$0000000A  c_w.l(libinit2.o)
    0x080002da   0x080002da   0x00000000   Code   RO         5612    .ARM.Collect$$libinit$$0000000C  c_w.l(libinit2.o)
    0x080002da   0x080002da   0x00000000   Code   RO         5614    .ARM.Collect$$libinit$$0000000E  c_w.l(libinit2.o)
    0x080002da   0x080002da   0x00000006   Code   RO         5615    .ARM.Collect$$libinit$$0000000F  c_w.l(libinit2.o)
    0x080002e0   0x080002e0   0x00000000   Code   RO         5617    .ARM.Collect$$libinit$$00000011  c_w.l(libinit2.o)
    0x080002e0   0x080002e0   0x0000000c   Code   RO         5618    .ARM.Collect$$libinit$$00000012  c_w.l(libinit2.o)
    0x080002ec   0x080002ec   0x00000000   Code   RO         5619    .ARM.Collect$$libinit$$00000013  c_w.l(libinit2.o)
    0x080002ec   0x080002ec   0x00000000   Code   RO         5621    .ARM.Collect$$libinit$$00000015  c_w.l(libinit2.o)
    0x080002ec   0x080002ec   0x0000000a   Code   RO         5622    .ARM.Collect$$libinit$$00000016  c_w.l(libinit2.o)
    0x080002f6   0x080002f6   0x00000000   Code   RO         5623    .ARM.Collect$$libinit$$00000017  c_w.l(libinit2.o)
    0x080002f6   0x080002f6   0x00000000   Code   RO         5625    .ARM.Collect$$libinit$$00000019  c_w.l(libinit2.o)
    0x080002f6   0x080002f6   0x00000000   Code   RO         5627    .ARM.Collect$$libinit$$0000001B  c_w.l(libinit2.o)
    0x080002f6   0x080002f6   0x00000000   Code   RO         5629    .ARM.Collect$$libinit$$0000001D  c_w.l(libinit2.o)
    0x080002f6   0x080002f6   0x00000000   Code   RO         5631    .ARM.Collect$$libinit$$0000001F  c_w.l(libinit2.o)
    0x080002f6   0x080002f6   0x00000000   Code   RO         5633    .ARM.Collect$$libinit$$00000021  c_w.l(libinit2.o)
    0x080002f6   0x080002f6   0x00000000   Code   RO         5635    .ARM.Collect$$libinit$$00000023  c_w.l(libinit2.o)
    0x080002f6   0x080002f6   0x00000000   Code   RO         5637    .ARM.Collect$$libinit$$00000025  c_w.l(libinit2.o)
    0x080002f6   0x080002f6   0x00000000   Code   RO         5641    .ARM.Collect$$libinit$$0000002C  c_w.l(libinit2.o)
    0x080002f6   0x080002f6   0x00000000   Code   RO         5643    .ARM.Collect$$libinit$$0000002E  c_w.l(libinit2.o)
    0x080002f6   0x080002f6   0x00000000   Code   RO         5645    .ARM.Collect$$libinit$$00000030  c_w.l(libinit2.o)
    0x080002f6   0x080002f6   0x00000000   Code   RO         5647    .ARM.Collect$$libinit$$00000032  c_w.l(libinit2.o)
    0x080002f6   0x080002f6   0x00000002   Code   RO         5648    .ARM.Collect$$libinit$$00000033  c_w.l(libinit2.o)
    0x080002f8   0x080002f8   0x00000002   Code   RO         5853    .ARM.Collect$$libshutdown$$00000000  c_w.l(libshutdown.o)
    0x080002fa   0x080002fa   0x00000000   Code   RO         5809    .ARM.Collect$$libshutdown$$00000002  c_w.l(libshutdown2.o)
    0x080002fa   0x080002fa   0x00000000   Code   RO         5811    .ARM.Collect$$libshutdown$$00000004  c_w.l(libshutdown2.o)
    0x080002fa   0x080002fa   0x00000000   Code   RO         5814    .ARM.Collect$$libshutdown$$00000007  c_w.l(libshutdown2.o)
    0x080002fa   0x080002fa   0x00000000   Code   RO         5817    .ARM.Collect$$libshutdown$$0000000A  c_w.l(libshutdown2.o)
    0x080002fa   0x080002fa   0x00000000   Code   RO         5819    .ARM.Collect$$libshutdown$$0000000C  c_w.l(libshutdown2.o)
    0x080002fa   0x080002fa   0x00000000   Code   RO         5822    .ARM.Collect$$libshutdown$$0000000F  c_w.l(libshutdown2.o)
    0x080002fa   0x080002fa   0x00000002   Code   RO         5823    .ARM.Collect$$libshutdown$$00000010  c_w.l(libshutdown2.o)
    0x080002fc   0x080002fc   0x00000000   Code   RO         5521    .ARM.Collect$$rtentry$$00000000  c_w.l(__rtentry.o)
    0x080002fc   0x080002fc   0x00000000   Code   RO         5674    .ARM.Collect$$rtentry$$00000002  c_w.l(__rtentry2.o)
    0x080002fc   0x080002fc   0x00000006   Code   RO         5686    .ARM.Collect$$rtentry$$00000004  c_w.l(__rtentry4.o)
    0x08000302   0x08000302   0x00000000   Code   RO         5676    .ARM.Collect$$rtentry$$00000009  c_w.l(__rtentry2.o)
    0x08000302   0x08000302   0x00000004   Code   RO         5677    .ARM.Collect$$rtentry$$0000000A  c_w.l(__rtentry2.o)
    0x08000306   0x08000306   0x00000000   Code   RO         5679    .ARM.Collect$$rtentry$$0000000C  c_w.l(__rtentry2.o)
    0x08000306   0x08000306   0x00000008   Code   RO         5680    .ARM.Collect$$rtentry$$0000000D  c_w.l(__rtentry2.o)
    0x0800030e   0x0800030e   0x00000002   Code   RO         5795    .ARM.Collect$$rtexit$$00000000  c_w.l(rtexit.o)
    0x08000310   0x08000310   0x00000000   Code   RO         5827    .ARM.Collect$$rtexit$$00000002  c_w.l(rtexit2.o)
    0x08000310   0x08000310   0x00000004   Code   RO         5828    .ARM.Collect$$rtexit$$00000003  c_w.l(rtexit2.o)
    0x08000314   0x08000314   0x00000006   Code   RO         5829    .ARM.Collect$$rtexit$$00000004  c_w.l(rtexit2.o)
    0x0800031a   0x0800031a   0x00000002   PAD
    0x0800031c   0x0800031c   0x000000b6   Code   RO         5279    .emb_text           port.o
    0x080003d2   0x080003d2   0x00000002   PAD
    0x080003d4   0x080003d4   0x00000000   Code   RO         5695    .emb_text           c_w.l(maybetermalloc1.o)
    0x080003d4   0x080003d4   0x00000960   Code   RO            3    .text               main.o
    0x08000d34   0x08000d34   0x0000000c   Code   RO          502    .text               stm32f4xx_it.o
    0x08000d40   0x08000d40   0x00000190   Code   RO          551    .text               system_stm32f4xx.o
    0x08000ed0   0x08000ed0   0x0000009c   Code   RO          577    .text               include.o
    0x08000f6c   0x08000f6c   0x00000150   Code   RO          601    .text               checkbook.o
    0x080010bc   0x080010bc   0x000000c0   Code   RO          628    .text               led.o
    0x0800117c   0x0800117c   0x00003328   Code   RO          648    .text               lcd.o
    0x080044a4   0x080044a4   0x00000148   Code   RO          686    .text               key.o
    0x080045ec   0x080045ec   0x00000204   Code   RO          706    .text               myiic.o
    0x080047f0   0x080047f0   0x00000142   Code   RO          729    .text               24cxx.o
    0x08004932   0x08004932   0x00000002   PAD
    0x08004934   0x08004934   0x0000022c   Code   RO          752    .text               ctiic.o
    0x08004b60   0x08004b60   0x000003a0   Code   RO          775    .text               gt9147.o
    0x08004f00   0x08004f00   0x000002f8   Code   RO          799    .text               ott2001a.o
    0x080051f8   0x080051f8   0x000002c0   Code   RO          823    .text               ft5206.o
    0x080054b8   0x080054b8   0x00000cf0   Code   RO          847    .text               touch.o
    0x080061a8   0x080061a8   0x000000cc   Code   RO          879    .text               timer.o
    0x08006274   0x08006274   0x000002e4   Code   RO         1071    .text               sram.o
    0x08006558   0x08006558   0x00000040   Code   RO         1091    .text               beep.o
    0x08006598   0x08006598   0x00000380   Code   RO         1111    .text               esp8266.o
    0x08006918   0x08006918   0x0000004a   Code   RO         1138    .text               msg.o
    0x08006962   0x08006962   0x00000002   PAD
    0x08006964   0x08006964   0x000000b8   Code   RO         1158    .text               music.o
    0x08006a1c   0x08006a1c   0x0000012c   Code   RO         1181    .text               usart3.o
    0x08006b48   0x08006b48   0x000000b8   Code   RO         1208    .text               usart2.o
    0x08006c00   0x08006c00   0x000000c8   Code   RO         1235    .text               delay.o
    0x08006cc8   0x08006cc8   0x00000120   Code   RO         1282    .text               usart.o
    0x08006de8   0x08006de8   0x00000040   Code   RO         1321    .text               startup_stm32f40_41xxx.o
    0x08006e28   0x08006e28   0x000000bc   Code   RO         1327    .text               misc.o
    0x08006ee4   0x08006ee4   0x00000264   Code   RO         1347    .text               stm32f4xx_gpio.o
    0x08007148   0x08007148   0x00000480   Code   RO         1367    .text               stm32f4xx_fsmc.o
    0x080075c8   0x080075c8   0x000004e0   Code   RO         1390    .text               stm32f4xx_rcc.o
    0x08007aa8   0x08007aa8   0x000003f4   Code   RO         1432    .text               stm32f4xx_usart.o
    0x08007e9c   0x08007e9c   0x00000ac2   Code   RO         1452    .text               stm32f4xx_tim.o
    0x0800895e   0x0800895e   0x000000cc   Code   RO         1470    .text               lv_disp.o
    0x08008a2a   0x08008a2a   0x00000002   PAD
    0x08008a2c   0x08008a2c   0x00000708   Code   RO         1547    .text               lv_group.o
    0x08009134   0x08009134   0x00001108   Code   RO         1643    .text               lv_indev.o
    0x0800a23c   0x0800a23c   0x00001494   Code   RO         1685    .text               lv_obj.o
    0x0800b6d0   0x0800b6d0   0x00000694   Code   RO         1767    .text               lv_refr.o
    0x0800bd64   0x0800bd64   0x00000904   Code   RO         1794    .text               lv_style.o
    0x0800c668   0x0800c668   0x0000011c   Code   RO         1825    .text               lv_draw.o
    0x0800c784   0x0800c784   0x000008b8   Code   RO         1941    .text               lv_draw_basic.o
    0x0800d03c   0x0800d03c   0x000006b2   Code   RO         2013    .text               lv_draw_img.o
    0x0800d6ee   0x0800d6ee   0x00000002   PAD
    0x0800d6f0   0x0800d6f0   0x0000046c   Code   RO         2041    .text               lv_draw_label.o
    0x0800db5c   0x0800db5c   0x00000e2a   Code   RO         2070    .text               lv_draw_line.o
    0x0800e986   0x0800e986   0x00000002   PAD
    0x0800e988   0x0800e988   0x000021a6   Code   RO         2094    .text               lv_draw_rect.o
    0x08010b2e   0x08010b2e   0x00000002   PAD
    0x08010b30   0x08010b30   0x000001a4   Code   RO         2144    .text               lv_img_cache.o
    0x08010cd4   0x08010cd4   0x000005c8   Code   RO         2174    .text               lv_img_decoder.o
    0x0801129c   0x0801129c   0x00000026   Code   RO         2228    .text               lv_font.o
    0x080112c2   0x080112c2   0x00000002   PAD
    0x080112c4   0x080112c4   0x00000270   Code   RO         2259    .text               lv_font_fmt_txt.o
    0x08011534   0x08011534   0x00000284   Code   RO         2679    .text               lv_hal_disp.o
    0x080117b8   0x080117b8   0x000000d4   Code   RO         2766    .text               lv_hal_indev.o
    0x0801188c   0x0801188c   0x00000038   Code   RO         2840    .text               lv_hal_tick.o
    0x080118c4   0x080118c4   0x00000422   Code   RO         2860    .text               lv_anim.o
    0x08011ce6   0x08011ce6   0x000001a6   Code   RO         2934    .text               lv_area.o
    0x08011e8c   0x08011e8c   0x00000054   Code   RO         2949    .text               lv_async.o
    0x08011ee0   0x08011ee0   0x00000054   Code   RO         2967    .text               lv_circ.o
    0x08011f34   0x08011f34   0x00000340   Code   RO         3044    .text               lv_ll.o
    0x08012274   0x08012274   0x000000b0   Code   RO         3062    .text               lv_math.o
    0x08012324   0x08012324   0x0000027c   Code   RO         3076    .text               lv_mem.o
    0x080125a0   0x080125a0   0x000002c8   Code   RO         3091    .text               lv_task.o
    0x08012868   0x08012868   0x0000058a   Code   RO         3114    .text               lv_txt.o
    0x08012df2   0x08012df2   0x000000be   Code   RO         3143    .text               lv_utils.o
    0x08012eb0   0x08012eb0   0x000004a0   Code   RO         3358    .text               lv_btn.o
    0x08013350   0x08013350   0x00000f04   Code   RO         3387    .text               lv_btnm.o
    0x08014254   0x08014254   0x00000ad0   Code   RO         3623    .text               lv_cont.o
    0x08014d24   0x08014d24   0x0000048c   Code   RO         3730    .text               lv_img.o
    0x080151b0   0x080151b0   0x00000562   Code   RO         3777    .text               lv_kb.o
    0x08015712   0x08015712   0x00000002   PAD
    0x08015714   0x08015714   0x000010b4   Code   RO         3805    .text               lv_label.o
    0x080167c8   0x080167c8   0x000005cc   Code   RO         3960    .text               lv_mbox.o
    0x08016d94   0x08016d94   0x00001504   Code   RO         4012    .text               lv_page.o
    0x08018298   0x08018298   0x0000195c   Code   RO         4245    .text               lv_ta.o
    0x08019bf4   0x08019bf4   0x00000a48   Code   RO         4280    .text               lv_table.o
    0x0801a63c   0x0801a63c   0x00001200   Code   RO         4306    .text               lv_tabview.o
    0x0801b83c   0x0801b83c   0x0000008c   Code   RO         4455    .text               lv_theme.o
    0x0801b8c8   0x0801b8c8   0x00000068   Code   RO         4774    .text               lv_port_disp.o
    0x0801b930   0x0801b930   0x00000058   Code   RO         5040    .text               lv_port_indev.o
    0x0801b988   0x0801b988   0x00000978   Code   RO         5064    .text               mapp.o
    0x0801c300   0x0801c300   0x00000088   Code   RO         5174    .text               list.o
    0x0801c388   0x0801c388   0x00000b5c   Code   RO         5194    .text               queue.o
    0x0801cee4   0x0801cee4   0x000013f0   Code   RO         5217    .text               tasks.o
    0x0801e2d4   0x0801e2d4   0x00000568   Code   RO         5256    .text               timers.o
    0x0801e83c   0x0801e83c   0x00000258   Code   RO         5280    .text               port.o
    0x0801ea94   0x0801ea94   0x00000214   Code   RO         5317    .text               heap_4.o
    0x0801eca8   0x0801eca8   0x0000005e   Code   RO         5342    .text               c_w.l(h1_alloc.o)
    0x0801ed06   0x0801ed06   0x00000002   PAD
    0x0801ed08   0x0801ed08   0x00000034   Code   RO         5396    .text               c_w.l(vsnprintf.o)
    0x0801ed3c   0x0801ed3c   0x00000018   Code   RO         5398    .text               c_w.l(__2printf.o)
    0x0801ed54   0x0801ed54   0x0000002c   Code   RO         5400    .text               c_w.l(__2sprintf.o)
    0x0801ed80   0x0801ed80   0x00000052   Code   RO         5408    .text               c_w.l(_printf_str.o)
    0x0801edd2   0x0801edd2   0x00000002   PAD
    0x0801edd4   0x0801edd4   0x00000078   Code   RO         5410    .text               c_w.l(_printf_dec.o)
    0x0801ee4c   0x0801ee4c   0x00000094   Code   RO         5430    .text               c_w.l(_printf_hex_int_ll_ptr.o)
    0x0801eee0   0x0801eee0   0x00000188   Code   RO         5450    .text               c_w.l(__printf_flags_ss_wp.o)
    0x0801f068   0x0801f068   0x00000014   Code   RO         5459    .text               c_w.l(strchr.o)
    0x0801f07c   0x0801f07c   0x00000024   Code   RO         5461    .text               c_w.l(strstr.o)
    0x0801f0a0   0x0801f0a0   0x00000048   Code   RO         5463    .text               c_w.l(strcpy.o)
    0x0801f0e8   0x0801f0e8   0x0000003e   Code   RO         5465    .text               c_w.l(strlen.o)
    0x0801f126   0x0801f126   0x0000008a   Code   RO         5467    .text               c_w.l(rt_memcpy_v6.o)
    0x0801f1b0   0x0801f1b0   0x00000064   Code   RO         5469    .text               c_w.l(rt_memcpy_w.o)
    0x0801f214   0x0801f214   0x00000010   Code   RO         5471    .text               c_w.l(aeabi_memset.o)
    0x0801f224   0x0801f224   0x00000044   Code   RO         5473    .text               c_w.l(rt_memclr.o)
    0x0801f268   0x0801f268   0x0000004e   Code   RO         5475    .text               c_w.l(rt_memclr_w.o)
    0x0801f2b6   0x0801f2b6   0x00000002   PAD
    0x0801f2b8   0x0801f2b8   0x00000080   Code   RO         5477    .text               c_w.l(strcmpv7m.o)
    0x0801f338   0x0801f338   0x00000006   Code   RO         5479    .text               c_w.l(heapauxi.o)
    0x0801f33e   0x0801f33e   0x00000002   PAD
    0x0801f340   0x0801f340   0x00000008   Code   RO         5525    .text               c_w.l(rt_heap_descriptor_intlibspace.o)
    0x0801f348   0x0801f348   0x00000004   Code   RO         5527    .text               c_w.l(hguard.o)
    0x0801f34c   0x0801f34c   0x0000008a   Code   RO         5529    .text               c_w.l(init_alloc.o)
    0x0801f3d6   0x0801f3d6   0x0000000e   Code   RO         5535    .text               c_w.l(h1_init.o)
    0x0801f3e4   0x0801f3e4   0x0000004e   Code   RO         5537    .text               c_w.l(h1_free.o)
    0x0801f432   0x0801f432   0x00000016   Code   RO         5553    .text               c_w.l(_rserrno.o)
    0x0801f448   0x0801f448   0x0000004e   Code   RO         5555    .text               c_w.l(_printf_pad.o)
    0x0801f496   0x0801f496   0x00000024   Code   RO         5557    .text               c_w.l(_printf_truncate.o)
    0x0801f4ba   0x0801f4ba   0x000000b2   Code   RO         5559    .text               c_w.l(_printf_intcommon.o)
    0x0801f56c   0x0801f56c   0x00000028   Code   RO         5561    .text               c_w.l(_printf_charcount.o)
    0x0801f594   0x0801f594   0x00000030   Code   RO         5563    .text               c_w.l(_printf_char_common.o)
    0x0801f5c4   0x0801f5c4   0x0000000a   Code   RO         5565    .text               c_w.l(_sputc.o)
    0x0801f5ce   0x0801f5ce   0x00000010   Code   RO         5567    .text               c_w.l(_snputc.o)
    0x0801f5de   0x0801f5de   0x0000002c   Code   RO         5569    .text               c_w.l(_printf_char.o)
    0x0801f60a   0x0801f60a   0x00000002   PAD
    0x0801f60c   0x0801f60c   0x00000024   Code   RO         5571    .text               c_w.l(_printf_char_file.o)
    0x0801f630   0x0801f630   0x000000bc   Code   RO         5573    .text               c_w.l(_printf_wctomb.o)
    0x0801f6ec   0x0801f6ec   0x0000007c   Code   RO         5576    .text               c_w.l(_printf_longlong_dec.o)
    0x0801f768   0x0801f768   0x00000070   Code   RO         5582    .text               c_w.l(_printf_oct_int_ll.o)
    0x0801f7d8   0x0801f7d8   0x00000008   Code   RO         5670    .text               c_w.l(libspace.o)
    0x0801f7e0   0x0801f7e0   0x00000008   Code   RO         5691    .text               c_w.l(rt_errno_addr_intlibspace.o)
    0x0801f7e8   0x0801f7e8   0x00000034   Code   RO         5697    .text               c_w.l(h1_extend.o)
    0x0801f81c   0x0801f81c   0x0000008a   Code   RO         5701    .text               c_w.l(lludiv10.o)
    0x0801f8a6   0x0801f8a6   0x0000041e   Code   RO         5703    .text               c_w.l(_printf_fp_dec.o)
    0x0801fcc4   0x0801fcc4   0x000002fc   Code   RO         5705    .text               c_w.l(_printf_fp_hex.o)
    0x0801ffc0   0x0801ffc0   0x0000002c   Code   RO         5710    .text               c_w.l(_printf_wchar.o)
    0x0801ffec   0x0801ffec   0x00000008   Code   RO         5712    .text               c_w.l(ferror.o)
    0x0801fff4   0x0801fff4   0x00000040   Code   RO         5716    .text               c_w.l(_wcrtomb.o)
    0x08020034   0x08020034   0x0000000e   Code   RO         5718    .text               c_w.l(defsig_rtmem_outer.o)
    0x08020042   0x08020042   0x00000002   Code   RO         5729    .text               c_w.l(use_no_semi.o)
    0x08020044   0x08020044   0x00000000   Code   RO         5731    .text               c_w.l(indicate_semi.o)
    0x08020044   0x08020044   0x0000004a   Code   RO         5732    .text               c_w.l(sys_stackheap_outer.o)
    0x0802008e   0x0802008e   0x00000002   PAD
    0x08020090   0x08020090   0x00000010   Code   RO         5734    .text               c_w.l(rt_ctype_table.o)
    0x080200a0   0x080200a0   0x00000008   Code   RO         5741    .text               c_w.l(rt_locale_intlibspace.o)
    0x080200a8   0x080200a8   0x00000080   Code   RO         5745    .text               c_w.l(_printf_fp_infnan.o)
    0x08020128   0x08020128   0x000000e4   Code   RO         5747    .text               c_w.l(bigflt0.o)
    0x0802020c   0x0802020c   0x00000012   Code   RO         5775    .text               c_w.l(exit.o)
    0x0802021e   0x0802021e   0x0000000a   Code   RO         5777    .text               c_w.l(defsig_exit.o)
    0x08020228   0x08020228   0x00000050   Code   RO         5779    .text               c_w.l(defsig_rtmem_inner.o)
    0x08020278   0x08020278   0x00000032   Code   RO         5806    .text               c_w.l(defsig_general.o)
    0x080202aa   0x080202aa   0x0000000e   Code   RO         5824    .text               c_w.l(sys_wrch.o)
    0x080202b8   0x080202b8   0x0000003e   Code   RO         5750    CL$$btod_d2e        c_w.l(btod.o)
    0x080202f6   0x080202f6   0x00000046   Code   RO         5752    CL$$btod_d2e_denorm_low  c_w.l(btod.o)
    0x0802033c   0x0802033c   0x00000060   Code   RO         5751    CL$$btod_d2e_norm_op1  c_w.l(btod.o)
    0x0802039c   0x0802039c   0x00000338   Code   RO         5760    CL$$btod_div_common  c_w.l(btod.o)
    0x080206d4   0x080206d4   0x000000dc   Code   RO         5757    CL$$btod_e2e        c_w.l(btod.o)
    0x080207b0   0x080207b0   0x0000002a   Code   RO         5754    CL$$btod_ediv       c_w.l(btod.o)
    0x080207da   0x080207da   0x0000002a   Code   RO         5753    CL$$btod_emul       c_w.l(btod.o)
    0x08020804   0x08020804   0x00000244   Code   RO         5759    CL$$btod_mult_common  c_w.l(btod.o)
    0x08020a48   0x08020a48   0x00000030   Code   RO         5793    i.__ARM_fpclassify  m_wm.l(fpclassify.o)
    0x08020a78   0x08020a78   0x0000007a   Code   RO         5507    i.__hardfp_sqrt     m_wm.l(sqrt.o)
    0x08020af2   0x08020af2   0x0000000e   Code   RO         5443    i._is_digit         c_w.l(__printf_wp.o)
    0x08020b00   0x08020b00   0x0000002c   Code   RO         5773    locale$$code        c_w.l(lc_numeric_c.o)
    0x08020b2c   0x08020b2c   0x0000002c   Code   RO         5802    locale$$code        c_w.l(lc_ctype_c.o)
    0x08020b58   0x08020b58   0x00000150   Code   RO         5483    x$fpl$dadd          fz_wm.l(daddsub_clz.o)
    0x08020ca8   0x08020ca8   0x00000018   Code   RO         5649    x$fpl$dcmpinf       fz_wm.l(dcmpi.o)
    0x08020cc0   0x08020cc0   0x0000005a   Code   RO         5489    x$fpl$dfixu         fz_wm.l(dfixu.o)
    0x08020d1a   0x08020d1a   0x00000026   Code   RO         5493    x$fpl$dfltu         fz_wm.l(dflt_clz.o)
    0x08020d40   0x08020d40   0x00000078   Code   RO         5499    x$fpl$dleqf         fz_wm.l(dleqf.o)
    0x08020db8   0x08020db8   0x00000154   Code   RO         5501    x$fpl$dmul          fz_wm.l(dmul.o)
    0x08020f0c   0x08020f0c   0x0000009c   Code   RO         5651    x$fpl$dnaninf       fz_wm.l(dnaninf.o)
    0x08020fa8   0x08020fa8   0x0000000c   Code   RO         5653    x$fpl$dretinf       fz_wm.l(dretinf.o)
    0x08020fb4   0x08020fb4   0x0000006c   Code   RO         5503    x$fpl$drleqf        fz_wm.l(drleqf.o)
    0x08021020   0x08021020   0x00000016   Code   RO         5484    x$fpl$drsb          fz_wm.l(daddsub_clz.o)
    0x08021036   0x08021036   0x00000002   PAD
    0x08021038   0x08021038   0x00000198   Code   RO         5655    x$fpl$dsqrt         fz_wm.l(dsqrt_umaal.o)
    0x080211d0   0x080211d0   0x000001d4   Code   RO         5485    x$fpl$dsub          fz_wm.l(daddsub_clz.o)
    0x080213a4   0x080213a4   0x00000056   Code   RO         5505    x$fpl$f2d           fz_wm.l(f2d.o)
    0x080213fa   0x080213fa   0x0000008c   Code   RO         5657    x$fpl$fnaninf       fz_wm.l(fnaninf.o)
    0x08021486   0x08021486   0x0000000a   Code   RO         5727    x$fpl$fpinit        fz_wm.l(fpinit.o)
    0x08021490   0x08021490   0x00000004   Code   RO         5659    x$fpl$printf1       fz_wm.l(printf1.o)
    0x08021494   0x08021494   0x00000004   Code   RO         5661    x$fpl$printf2       fz_wm.l(printf2.o)
    0x08021498   0x08021498   0x00000000   Code   RO         5667    x$fpl$usenofp       fz_wm.l(usenofp.o)
    0x08021498   0x08021498   0x000017c0   Data   RO          650    .constdata          lcd.o
    0x08022c58   0x08022c58   0x000000c2   Data   RO          776    .constdata          gt9147.o
    0x08022d1a   0x08022d1a   0x0000000a   Data   RO          800    .constdata          ott2001a.o
    0x08022d24   0x08022d24   0x0000000a   Data   RO          824    .constdata          ft5206.o
    0x08022d2e   0x08022d2e   0x00000002   PAD
    0x08022d30   0x08022d30   0x00000004   Data   RO          848    .constdata          touch.o
    0x08022d34   0x08022d34   0x0000001c   Data   RO         1368    .constdata          stm32f4xx_fsmc.o
    0x08022d50   0x08022d50   0x0000002e   Data   RO         1548    .constdata          lv_group.o
    0x08022d7e   0x08022d7e   0x00000002   PAD
    0x08022d80   0x08022d80   0x00000016   Data   RO         1796    .constdata          lv_style.o
    0x08022d96   0x08022d96   0x00000001   Data   RO         1826    .constdata          lv_draw.o
    0x08022d97   0x08022d97   0x00000002   Data   RO         1827    .constdata          lv_draw.o
    0x08022d99   0x08022d99   0x00000003   Data   RO         1828    .constdata          lv_draw.o
    0x08022d9c   0x08022d9c   0x00000004   Data   RO         1829    .constdata          lv_draw.o
    0x08022da0   0x08022da0   0x00000005   Data   RO         1830    .constdata          lv_draw.o
    0x08022da5   0x08022da5   0x00000006   Data   RO         1831    .constdata          lv_draw.o
    0x08022dab   0x08022dab   0x00000007   Data   RO         1832    .constdata          lv_draw.o
    0x08022db2   0x08022db2   0x00000008   Data   RO         1833    .constdata          lv_draw.o
    0x08022dba   0x08022dba   0x00000011   Data   RO         2095    .constdata          lv_draw_rect.o
    0x08022dcb   0x08022dcb   0x0000627e   Data   RO         2538    .constdata          lv_font_roboto_28.o
    0x08029049   0x08029049   0x00000003   PAD
    0x0802904c   0x0802904c   0x00000490   Data   RO         2539    .constdata          lv_font_roboto_28.o
    0x080294dc   0x080294dc   0x00000064   Data   RO         2540    .constdata          lv_font_roboto_28.o
    0x08029540   0x08029540   0x00000028   Data   RO         2541    .constdata          lv_font_roboto_28.o
    0x08029568   0x08029568   0x000003c8   Data   RO         2542    .constdata          lv_font_roboto_28.o
    0x08029930   0x08029930   0x000001e4   Data   RO         2543    .constdata          lv_font_roboto_28.o
    0x08029b14   0x08029b14   0x0000000c   Data   RO         2544    .constdata          lv_font_roboto_28.o
    0x08029b20   0x08029b20   0x00000002   Data   RO         2680    .constdata          lv_hal_disp.o
    0x08029b22   0x08029b22   0x000000b6   Data   RO         3063    .constdata          lv_math.o
    0x08029bd8   0x08029bd8   0x00000112   Data   RO         3778    .constdata          lv_kb.o
    0x08029cea   0x08029cea   0x00000002   PAD
    0x08029cec   0x08029cec   0x00000034   Data   RO         5066    .constdata          mapp.o
    0x08029d20   0x08029d20   0x0001c200   Data   RO         5104    .constdata          qrcode.o
    0x08045f20   0x08045f20   0x0000000c   Data   RO         5105    .constdata          qrcode.o
    0x08045f2c   0x08045f2c   0x00000028   Data   RO         5431    .constdata          c_w.l(_printf_hex_int_ll_ptr.o)
    0x08045f54   0x08045f54   0x00000011   Data   RO         5451    .constdata          c_w.l(__printf_flags_ss_wp.o)
    0x08045f65   0x08045f65   0x00000003   PAD
    0x08045f68   0x08045f68   0x00000008   Data   RO         5574    .constdata          c_w.l(_printf_wctomb.o)
    0x08045f70   0x08045f70   0x00000026   Data   RO         5706    .constdata          c_w.l(_printf_fp_hex.o)
    0x08045f96   0x08045f96   0x00000002   PAD
    0x08045f98   0x08045f98   0x00000094   Data   RO         5748    .constdata          c_w.l(bigflt0.o)
    0x0804602c   0x0804602c   0x00000079   Data   RO          849    .conststring        touch.o
    0x080460a5   0x080460a5   0x00000003   PAD
    0x080460a8   0x080460a8   0x0000002d   Data   RO         3388    .conststring        lv_btnm.o
    0x080460d5   0x080460d5   0x00000003   PAD
    0x080460d8   0x080460d8   0x00000194   Data   RO         3779    .conststring        lv_kb.o
    0x0804626c   0x0804626c   0x00000008   Data   RO         5067    .conststring        mapp.o
    0x08046274   0x08046274   0x00000020   Data   RO         5854    Region$$Table       anon$$obj.o
    0x08046294   0x08046294   0x0000001c   Data   RO         5772    locale$$data        c_w.l(lc_numeric_c.o)
    0x080462b0   0x080462b0   0x00000110   Data   RO         5801    locale$$data        c_w.l(lc_ctype_c.o)


    Execution Region RW_IRAM1 (Exec base: 0x20000000, Load base: 0x080463c0, Size: 0x0000c688, Max: 0x00020000, ABSOLUTE, COMPRESSED[0x00000208])

    Exec Addr    Load Addr    Size         Type   Attr      Idx    E Section Name        Object

    0x20000000   COMPRESSED   0x00000054   Data   RW            6    .data               main.o
    0x20000054   COMPRESSED   0x00000014   Data   RW          552    .data               system_stm32f4xx.o
    0x20000068   COMPRESSED   0x00000004   Data   RW          651    .data               lcd.o
    0x2000006c   COMPRESSED   0x00000001   Data   RW          777    .data               gt9147.o
    0x2000006d   COMPRESSED   0x00000001   Data   RW          801    .data               ott2001a.o
    0x2000006e   COMPRESSED   0x00000001   Data   RW          825    .data               ft5206.o
    0x2000006f   COMPRESSED   0x00000001   PAD
    0x20000070   COMPRESSED   0x00000038   Data   RW          850    .data               touch.o
    0x200000a8   COMPRESSED   0x00000004   Data   RW         1113    .data               esp8266.o
    0x200000ac   COMPRESSED   0x00000004   Data   RW         1236    .data               delay.o
    0x200000b0   COMPRESSED   0x00000002   Data   RW         1284    .data               usart.o
    0x200000b2   COMPRESSED   0x00000002   PAD
    0x200000b4   COMPRESSED   0x00000004   Data   RW         1285    .data               usart.o
    0x200000b8   COMPRESSED   0x00000010   Data   RW         1391    .data               stm32f4xx_rcc.o
    0x200000c8   COMPRESSED   0x00000008   Data   RW         1644    .data               lv_indev.o
    0x200000d0   COMPRESSED   0x0000000c   Data   RW         1686    .data               lv_obj.o
    0x200000dc   COMPRESSED   0x00000008   Data   RW         1768    .data               lv_refr.o
    0x200000e4   COMPRESSED   0x00000024   Data   RW         1834    .data               lv_draw.o
    0x20000108   COMPRESSED   0x00000002   Data   RW         2145    .data               lv_img_cache.o
    0x2000010a   COMPRESSED   0x00000002   PAD
    0x2000010c   COMPRESSED   0x0000001c   Data   RW         2545    .data               lv_font_roboto_28.o
    0x20000128   COMPRESSED   0x00000010   Data   RW         2546    .data               lv_font_roboto_28.o
    0x20000138   COMPRESSED   0x00000004   Data   RW         2681    .data               lv_hal_disp.o
    0x2000013c   COMPRESSED   0x00000008   Data   RW         2841    .data               lv_hal_tick.o
    0x20000144   COMPRESSED   0x00000008   Data   RW         2861    .data               lv_anim.o
    0x2000014c   COMPRESSED   0x00000004   Data   RW         3017    .data               lv_gc.o
    0x20000150   COMPRESSED   0x00000004   Data   RW         3018    .data               lv_gc.o
    0x20000154   COMPRESSED   0x00000004   Data   RW         3019    .data               lv_gc.o
    0x20000158   COMPRESSED   0x00000008   Data   RW         3078    .data               lv_mem.o
    0x20000160   COMPRESSED   0x00000014   Data   RW         3092    .data               lv_task.o
    0x20000174   COMPRESSED   0x00000010   Data   RW         3115    .data               lv_txt.o
    0x20000184   COMPRESSED   0x00000004   Data   RW         3116    .data               lv_txt.o
    0x20000188   COMPRESSED   0x00000004   Data   RW         3118    .data               lv_txt.o
    0x2000018c   COMPRESSED   0x00000004   Data   RW         3119    .data               lv_txt.o
    0x20000190   COMPRESSED   0x00000008   Data   RW         3359    .data               lv_btn.o
    0x20000198   COMPRESSED   0x00000024   Data   RW         3389    .data               lv_btnm.o
    0x200001bc   COMPRESSED   0x00000004   Data   RW         3624    .data               lv_cont.o
    0x200001c0   COMPRESSED   0x00000004   Data   RW         3731    .data               lv_img.o
    0x200001c4   COMPRESSED   0x00000268   Data   RW         3780    .data               lv_kb.o
    0x2000042c   COMPRESSED   0x00000004   Data   RW         3806    .data               lv_label.o
    0x20000430   COMPRESSED   0x00000004   Data   RW         3961    .data               lv_mbox.o
    0x20000434   COMPRESSED   0x00000008   Data   RW         4013    .data               lv_page.o
    0x2000043c   COMPRESSED   0x00000014   Data   RW         4246    .data               lv_ta.o
    0x20000450   COMPRESSED   0x00000008   Data   RW         4281    .data               lv_table.o
    0x20000458   COMPRESSED   0x00000010   Data   RW         4308    .data               lv_tabview.o
    0x20000468   COMPRESSED   0x00000001   Data   RW         4457    .data               lv_theme.o
    0x20000469   COMPRESSED   0x00000001   PAD
    0x2000046a   COMPRESSED   0x00000004   Data   RW         5041    .data               lv_port_indev.o
    0x2000046e   COMPRESSED   0x00000002   PAD
    0x20000470   COMPRESSED   0x00000004   Data   RW         5068    .data               mapp.o
    0x20000474   COMPRESSED   0x00000038   Data   RW         5069    .data               mapp.o
    0x200004ac   COMPRESSED   0x0000003c   Data   RW         5219    .data               tasks.o
    0x200004e8   COMPRESSED   0x00000014   Data   RW         5258    .data               timers.o
    0x200004fc   COMPRESSED   0x0000000c   Data   RW         5281    .data               port.o
    0x20000508   COMPRESSED   0x00000018   Data   RW         5319    .data               heap_4.o
    0x20000520        -       0x00000280   Zero   RW            4    .bss                main.o
    0x200007a0        -       0x0000000e   Zero   RW          649    .bss                lcd.o
    0x200007ae        -       0x00000080   Zero   RW         1112    .bss                esp8266.o
    0x2000082e        -       0x0000000a   Zero   RW         1159    .bss                music.o
    0x20000838        -       0x000000c8   Zero   RW         1283    .bss                usart.o
    0x20000900        -       0x0000030c   Zero   RW         1795    .bss                lv_style.o
    0x20000c0c        -       0x0000000c   Zero   RW         3009    .bss                lv_gc.o
    0x20000c18        -       0x0000000c   Zero   RW         3010    .bss                lv_gc.o
    0x20000c24        -       0x0000000c   Zero   RW         3011    .bss                lv_gc.o
    0x20000c30        -       0x0000000c   Zero   RW         3014    .bss                lv_gc.o
    0x20000c3c        -       0x0000000c   Zero   RW         3015    .bss                lv_gc.o
    0x20000c48        -       0x0000000c   Zero   RW         3016    .bss                lv_gc.o
    0x20000c54        -       0x00004000   Zero   RW         3077    .bss                lv_mem.o
    0x20004c54        -       0x00001a88   Zero   RW         4456    .bss                lv_theme.o
    0x200066dc        -       0x0000001c   Zero   RW         4776    .bss                lv_port_disp.o
    0x200066f8        -       0x000001e0   Zero   RW         5065    .bss                mapp.o
    0x200068d8        -       0x00000040   Zero   RW         5195    .bss                queue.o
    0x20006918        -       0x000002e4   Zero   RW         5218    .bss                tasks.o
    0x20006bfc        -       0x00000028   Zero   RW         5257    .bss                timers.o
    0x20006c24        -       0x00005000   Zero   RW         5318    .bss                heap_4.o
    0x2000bc24        -       0x00000060   Zero   RW         5671    .bss                c_w.l(libspace.o)
    0x2000bc84   COMPRESSED   0x00000004   PAD
    0x2000bc88        -       0x00000200   Zero   RW         1319    HEAP                startup_stm32f40_41xxx.o
    0x2000be88        -       0x00000800   Zero   RW         1318    STACK               startup_stm32f40_41xxx.o



  Load Region LR$$.ARM.__AT_0x68000000 (Base: 0x68000000, Size: 0x00000000, Max: 0x000bb800, ABSOLUTE)

    Execution Region ER$$.ARM.__AT_0x68000000 (Exec base: 0x68000000, Load base: 0x68000000, Size: 0x000bb800, Max: 0x000bb800, ABSOLUTE, UNINIT)

    Exec Addr    Load Addr    Size         Type   Attr      Idx    E Section Name        Object

    0x68000000        -       0x000bb800   Zero   RW         4775    .ARM.__AT_0x68000000  lv_port_disp.o


==============================================================================

Image component sizes


      Code (inc. data)   RO Data    RW Data    ZI Data      Debug   Object Name

       322          0          0          0          0       2910   24cxx.o
        64          4          0          0          0        548   beep.o
       336        132          0          0          0       2845   checkbook.o
       556         26          0          0          0       2189   ctiic.o
       200          6          0          4          0       1709   delay.o
       896        366          0          4        128       3511   esp8266.o
         0          0          0          0          0      10308   event_groups.o
       704         36         10          1          0       2723   ft5206.o
       928         68        194          1          0       3254   gt9147.o
       532         66          0         24      20480       3576   heap_4.o
       156         46          0          0          0        540   include.o
       328         16          0          0          0       1469   key.o
     13096        122       6080          4         14      20990   lcd.o
       192         16          0          0          0       1477   led.o
       136          0          0          0          0       1970   list.o
      1058         14          0          8          0      17261   lv_anim.o
         0          0          0          0          0      21522   lv_arc.o
       422          0          0          0          0       4287   lv_area.o
        84          6          0          0          0       2140   lv_async.o
         0          0          0          0          0      12819   lv_bar.o
      1184         52          0          8          0      15070   lv_btn.o
      3844         70         45         36          0      17077   lv_btnm.o
         0          0          0          0          0       3618   lv_calendar.o
        84          0          0          0          0       2253   lv_circ.o
      2768         22          0          4          0      16326   lv_cont.o
       204          0          0          0          0      21385   lv_disp.o
       284          8         36         36          0      19685   lv_draw.o
      2232         24          0          0          0      23539   lv_draw_basic.o
      1714         58          0          0          0      17353   lv_draw_img.o
      1132         20          0          0          0      11150   lv_draw_label.o
      3626          0          0          0          0       6795   lv_draw_line.o
      8614          6         17          0          0      21757   lv_draw_rect.o
        38          0          0          0          0       2713   lv_font.o
       624         12          0          0          0       6255   lv_font_fmt_txt.o
         0          0          0          0          0       1752   lv_font_roboto_12.o
         0          0      27986         44          0       1972   lv_font_roboto_28.o
         0          0          0         12         72       7926   lv_gc.o
      1800         36         46          0          0      32797   lv_group.o
       644         22          2          4          0      25930   lv_hal_disp.o
       212          8          0          0          0      22032   lv_hal_indev.o
        56          4          0          8          0       1700   lv_hal_tick.o
      1164         30          0          4          0       6817   lv_img.o
       420         14          0          2          0       2834   lv_img_cache.o
      1480         32          0          0          0      14242   lv_img_decoder.o
      4360         22          0          8          0      24260   lv_indev.o
      1378         84        678        616          0      11606   lv_kb.o
      4276        100          0          4          0      26665   lv_label.o
       832          0          0          0          0       6165   lv_ll.o
       176          4        182          0          0       1978   lv_math.o
      1484         72          0          4          0      24033   lv_mbox.o
       636          8          0          8      16384       4487   lv_mem.o
      5268        100          0         12          0      38321   lv_obj.o
      5380         94          0          8          0      44665   lv_page.o
       104         20          0          0     768028      24866   lv_port_disp.o
        88         12          0          4          0       1213   lv_port_indev.o
      1684         10          0          8          0       6977   lv_refr.o
         0          0          0          0          0       4860   lv_roller.o
      2308         32         22          0        780       9321   lv_style.o
      6492        184          0         20          0      36670   lv_ta.o
      2632         46          0          8          0      19898   lv_table.o
      4608         98          0         16          0      23194   lv_tabview.o
       712         12          0         20          0       4848   lv_task.o
       140         18          0          1       6792      26198   lv_theme.o
      1418         12          0         28          0      10507   lv_txt.o
       190          0          0          0          0       1631   lv_utils.o
      2400        658          0         84        640     328277   main.o
      2424        410         60         60        480       7709   mapp.o
       188         14          0          0          0       2033   misc.o
        74          0          0          0          0        845   msg.o
       184          8          0          0         10       2435   music.o
       516         12          0          0          0       2032   myiic.o
       760         62         10          1          0       2903   ott2001a.o
       782        106          0         12          0       8295   port.o
         0          0     115212          0          0        564   qrcode.o
      2908         52          0          0         64      17722   queue.o
       740         20          0          0          0       1956   sram.o
        64         26        392          0       2560        840   startup_stm32f40_41xxx.o
      1152         12         28          0          0       6286   stm32f4xx_fsmc.o
       612         44          0          0          0       4789   stm32f4xx_gpio.o
        12          0          0          0          0        935   stm32f4xx_it.o
      1248         52          0         16          0      13764   stm32f4xx_rcc.o
      2754         60          0          0          0      24992   stm32f4xx_tim.o
      1012         32          0          0          0       8816   stm32f4xx_usart.o
       400         36          0         20          0       1919   system_stm32f4xx.o
      5104        158          0         60        740      33752   tasks.o
       204         10          0          0          0      21888   timer.o
      1384         88          0         20         40       9228   timers.o
      3312        200        125         56          0       7605   touch.o
       288         16          0          6        200       3394   usart.o
       184          8          0          0          0        786   usart2.o
       300         10          0          0          0       2523   usart3.o

    ----------------------------------------------------------------------
    125324       4364     151172       1312     817412    1289677   Object Totals
         0          0         32          0          0          0   (incl. Generated)
        18          0         15          8          0          0   (incl. Padding)

    ----------------------------------------------------------------------

      Code (inc. data)   RO Data    RW Data    ZI Data      Debug   Library Member Name

        24          4          0          0          0         84   __2printf.o
        44          6          0          0          0         84   __2sprintf.o
        90          0          0          0          0          0   __dczerorl2.o
         8          0          0          0          0         68   __main.o
       392          4         17          0          0         92   __printf_flags_ss_wp.o
        14          0          0          0          0         68   __printf_wp.o
         0          0          0          0          0          0   __rtentry.o
        12          0          0          0          0          0   __rtentry2.o
         6          0          0          0          0          0   __rtentry4.o
        52          8          0          0          0          0   __scatter.o
        28          0          0          0          0          0   __scatter_zi.o
         6          0          0          0          0          0   _printf_a.o
         6          0          0          0          0          0   _printf_c.o
        44          0          0          0          0        108   _printf_char.o
        48          6          0          0          0         96   _printf_char_common.o
        36          4          0          0          0         80   _printf_char_file.o
        40          0          0          0          0         68   _printf_charcount.o
         6          0          0          0          0          0   _printf_d.o
       120         16          0          0          0         92   _printf_dec.o
         6          0          0          0          0          0   _printf_e.o
         6          0          0          0          0          0   _printf_f.o
      1054          0          0          0          0        216   _printf_fp_dec.o
       764          8         38          0          0        100   _printf_fp_hex.o
       128         16          0          0          0         84   _printf_fp_infnan.o
         6          0          0          0          0          0   _printf_g.o
       148          4         40          0          0        160   _printf_hex_int_ll_ptr.o
         6          0          0          0          0          0   _printf_i.o
       178          0          0          0          0         88   _printf_intcommon.o
        10          0          0          0          0          0   _printf_l.o
         6          0          0          0          0          0   _printf_lc.o
        10          0          0          0          0          0   _printf_ll.o
         6          0          0          0          0          0   _printf_lld.o
         6          0          0          0          0          0   _printf_lli.o
         6          0          0          0          0          0   _printf_llo.o
         6          0          0          0          0          0   _printf_llu.o
         6          0          0          0          0          0   _printf_llx.o
       124         16          0          0          0         92   _printf_longlong_dec.o
         6          0          0          0          0          0   _printf_ls.o
         6          0          0          0          0          0   _printf_n.o
         6          0          0          0          0          0   _printf_o.o
       112         10          0          0          0        124   _printf_oct_int_ll.o
         6          0          0          0          0          0   _printf_p.o
        78          0          0          0          0        108   _printf_pad.o
         0          0          0          0          0          0   _printf_percent.o
         4          0          0          0          0          0   _printf_percent_end.o
         6          0          0          0          0          0   _printf_s.o
        82          0          0          0          0         80   _printf_str.o
        36          0          0          0          0         84   _printf_truncate.o
         6          0          0          0          0          0   _printf_u.o
        44          0          0          0          0        108   _printf_wchar.o
       188          6          8          0          0         92   _printf_wctomb.o
         6          0          0          0          0          0   _printf_x.o
        22          0          0          0          0        100   _rserrno.o
        16          0          0          0          0         68   _snputc.o
        10          0          0          0          0         68   _sputc.o
        64          0          0          0          0         92   _wcrtomb.o
        16          0          0          0          0         68   aeabi_memset.o
       228          4        148          0          0         96   bigflt0.o
      1936        128          0          0          0        672   btod.o
        10          0          0          0          0         68   defsig_exit.o
        50          0          0          0          0         88   defsig_general.o
        80         58          0          0          0         76   defsig_rtmem_inner.o
        14          0          0          0          0         80   defsig_rtmem_outer.o
        18          0          0          0          0         80   exit.o
         8          0          0          0          0         68   ferror.o
        94          0          0          0          0         80   h1_alloc.o
        52          0          0          0          0         68   h1_extend.o
        78          0          0          0          0         80   h1_free.o
        14          0          0          0          0         84   h1_init.o
         6          0          0          0          0        152   heapauxi.o
         4          0          0          0          0        136   hguard.o
         0          0          0          0          0          0   indicate_semi.o
       138          0          0          0          0        168   init_alloc.o
        44         10        272          0          0         76   lc_ctype_c.o
        44         10         28          0          0         76   lc_numeric_c.o
         2          0          0          0          0          0   libinit.o
        42          0          0          0          0          0   libinit2.o
         2          0          0          0          0          0   libshutdown.o
         2          0          0          0          0          0   libshutdown2.o
         8          4          0          0         96         68   libspace.o
       138          0          0          0          0         80   lludiv10.o
         0          0          0          0          0          0   maybetermalloc1.o
        16          4          0          0          0         76   rt_ctype_table.o
         8          4          0          0          0         68   rt_errno_addr_intlibspace.o
         8          4          0          0          0         68   rt_heap_descriptor_intlibspace.o
         8          4          0          0          0         68   rt_locale_intlibspace.o
        68          0          0          0          0         68   rt_memclr.o
        78          0          0          0          0         80   rt_memclr_w.o
       138          0          0          0          0         68   rt_memcpy_v6.o
       100          0          0          0          0         80   rt_memcpy_w.o
         2          0          0          0          0          0   rtexit.o
        10          0          0          0          0          0   rtexit2.o
        20          0          0          0          0         68   strchr.o
       128          0          0          0          0         68   strcmpv7m.o
        72          0          0          0          0         80   strcpy.o
        62          0          0          0          0         76   strlen.o
        36          0          0          0          0         80   strstr.o
        74          0          0          0          0         80   sys_stackheap_outer.o
        14          0          0          0          0         76   sys_wrch.o
         2          0          0          0          0         68   use_no_semi.o
        52          4          0          0          0         80   vsnprintf.o
       826         16          0          0          0        492   daddsub_clz.o
        24          0          0          0          0        116   dcmpi.o
        90          4          0          0          0        140   dfixu.o
        38          0          0          0          0        116   dflt_clz.o
       120          4          0          0          0        140   dleqf.o
       340         12          0          0          0        152   dmul.o
       156          4          0          0          0        140   dnaninf.o
        12          0          0          0          0        116   dretinf.o
       108          0          0          0          0        128   drleqf.o
       408         56          0          0          0        168   dsqrt_umaal.o
        86          4          0          0          0        132   f2d.o
       140          4          0          0          0        132   fnaninf.o
        10          0          0          0          0        116   fpinit.o
         4          0          0          0          0        116   printf1.o
         4          0          0          0          0        116   printf2.o
         0          0          0          0          0          0   usenofp.o
        48          0          0          0          0        124   fpclassify.o
       122          0          0          0          0        148   sqrt.o

    ----------------------------------------------------------------------
     10628        446        556          0        100       8712   Library Totals
        18          0          5          0          4          0   (incl. Padding)

    ----------------------------------------------------------------------

      Code (inc. data)   RO Data    RW Data    ZI Data      Debug   Library Name

      8074        342        551          0         96       6120   c_w.l
      2366        104          0          0          0       2320   fz_wm.l
       170          0          0          0          0        272   m_wm.l

    ----------------------------------------------------------------------
     10628        446        556          0        100       8712   Library Totals

    ----------------------------------------------------------------------

==============================================================================


      Code (inc. data)   RO Data    RW Data    ZI Data      Debug   

    135952       4810     151728       1312     817512    1276553   Grand Totals
    135952       4810     151728        520     817512    1276553   ELF Image Totals (compressed)
    135952       4810     151728        520          0          0   ROM Totals

==============================================================================

    Total RO  Size (Code + RO Data)               287680 ( 280.94kB)
    Total RW  Size (RW Data + ZI Data)            818824 ( 799.63kB)
    Total ROM Size (Code + RO Data + RW Data)     288200 ( 281.45kB)

==============================================================================

