Component: ARM Compiler 5.06 update 5 (build 528) Tool: armlink [4d35e2]

==============================================================================

Section Cross References

    main.o(.text) refers to _printf_percent.o(.ARM.Collect$$_printf_percent$$00000000) for _printf_percent
    main.o(.text) refers to _printf_d.o(.ARM.Collect$$_printf_percent$$00000009) for _printf_d
    main.o(.text) refers to _printf_dec.o(.text) for _printf_int_dec
    main.o(.text) refers to _printf_s.o(.ARM.Collect$$_printf_percent$$00000014) for _printf_s
    main.o(.text) refers to _printf_str.o(.text) for _printf_str
    main.o(.text) refers to music.o(.text) for setVolume
    main.o(.text) refers to queue.o(.text) for xQueueGenericReceive
    main.o(.text) refers to __2printf.o(.text) for __2printf
    main.o(.text) refers to led.o(.text) for ledCheckOn
    main.o(.text) refers to tasks.o(.text) for vTaskDelay
    main.o(.text) refers to rc522.o(.text) for PcdRequest
    main.o(.text) refers to key.o(.text) for checkKeyStateOff
    main.o(.text) refers to lv_obj.o(.text) for lv_event_send
    main.o(.text) refers to checkbook.o(.text) for sendAck
    main.o(.text) refers to rt_memclr.o(.text) for __aeabi_memclr
    main.o(.text) refers to main.o(.data) for .data
    main.o(.text) refers to main.o(.bss) for .bss
    main.o(.text) refers to mapp.o(.data) for fun
    main.o(.text) refers to mapp.o(.data) for error_btn
    main.o(.text) refers to strstr.o(.text) for strstr
    main.o(.text) refers to esp8266.o(.text) for ESP8266_GetIPD
    main.o(.text) refers to msg.o(.text) for fingString
    main.o(.text) refers to strcmpv7m.o(.text) for strcmp
    main.o(.text) refers to strlen.o(.text) for strlen
    main.o(.text) refers to lv_task.o(.text) for lv_task_handler
    main.o(.text) refers to port.o(.text) for vPortEnterCritical
    main.o(.text) refers to include.o(.text) for hardware_init
    main.o(.text) refers to h1_alloc.o(.text) for malloc
    main.o(.text) refers to esp8266.o(.bss) for esp8266_buf
    main.o(.text) refers to touch.o(.data) for tp_dev
    system_stm32f4xx.o(.text) refers to system_stm32f4xx.o(.data) for .data
    include.o(.text) refers to misc.o(.text) for NVIC_PriorityGroupConfig
    include.o(.text) refers to delay.o(.text) for delay_init
    include.o(.text) refers to usart.o(.text) for uart_init
    include.o(.text) refers to led.o(.text) for led_init
    include.o(.text) refers to beep.o(.text) for BEEP_Init
    include.o(.text) refers to key.o(.text) for KEY_Init
    include.o(.text) refers to usart2.o(.text) for usart2_Init
    include.o(.text) refers to usart3.o(.text) for usart3_Init
    include.o(.text) refers to __2printf.o(.text) for __2printf
    include.o(.text) refers to esp8266.o(.text) for ESP8266_Init
    include.o(.text) refers to rc522.o(.text) for rc522_init
    include.o(.text) refers to lcd.o(.text) for LCD_Init
    include.o(.text) refers to sram.o(.text) for FSMC_SRAM_Init
    include.o(.text) refers to timer.o(.text) for TIM3_Int_Init
    include.o(.text) refers to lv_obj.o(.text) for lv_init
    include.o(.text) refers to lv_port_disp.o(.text) for lv_port_disp_init
    include.o(.text) refers to lv_port_indev.o(.text) for lv_port_indev_init
    include.o(.text) refers to mapp.o(.text) for mApp_start
    include.o(.text) refers to touch.o(.data) for tp_dev
    checkbook.o(.text) refers to _printf_percent.o(.ARM.Collect$$_printf_percent$$00000000) for _printf_percent
    checkbook.o(.text) refers to _printf_d.o(.ARM.Collect$$_printf_percent$$00000009) for _printf_d
    checkbook.o(.text) refers to _printf_s.o(.ARM.Collect$$_printf_percent$$00000014) for _printf_s
    checkbook.o(.text) refers to _printf_dec.o(.text) for _printf_int_dec
    checkbook.o(.text) refers to _printf_str.o(.text) for _printf_str
    checkbook.o(.text) refers to strcpy.o(.text) for strcpy
    checkbook.o(.text) refers to rt_memclr_w.o(.text) for __aeabi_memclr4
    checkbook.o(.text) refers to esp8266.o(.text) for ESP8266_Clear
    checkbook.o(.text) refers to __2sprintf.o(.text) for __2sprintf
    checkbook.o(.text) refers to delay.o(.text) for delay_ms
    checkbook.o(.text) refers to strcmpv7m.o(.text) for strcmp
    led.o(.text) refers to stm32f4xx_rcc.o(.text) for RCC_AHB1PeriphClockCmd
    led.o(.text) refers to stm32f4xx_gpio.o(.text) for GPIO_Init
    lcd.o(.text) refers to _printf_percent.o(.ARM.Collect$$_printf_percent$$00000000) for _printf_percent
    lcd.o(.text) refers to _printf_x.o(.ARM.Collect$$_printf_percent$$0000000C) for _printf_x
    lcd.o(.text) refers to _printf_hex_int_ll_ptr.o(.text) for _printf_longlong_hex
    lcd.o(.text) refers to delay.o(.text) for delay_us
    lcd.o(.text) refers to lcd.o(.bss) for .bss
    lcd.o(.text) refers to lcd.o(.data) for .data
    lcd.o(.text) refers to dflt_clz.o(x$fpl$dfltu) for __aeabi_ui2d
    lcd.o(.text) refers to dmul.o(x$fpl$dmul) for __aeabi_dmul
    lcd.o(.text) refers to dfixu.o(x$fpl$dfixu) for __aeabi_d2uiz
[...]
    creat_tab1                               0x0801c581   Thumb Code   560  mapp.o(.text)
    creat_tab2                               0x0801c7b1   Thumb Code   206  mapp.o(.text)
    mApp_start                               0x0801c87f   Thumb Code    16  mapp.o(.text)
    msg_handler                              0x0801c88f   Thumb Code    66  mapp.o(.text)
    draw_part_event_cb                       0x0801c8d1   Thumb Code     2  mapp.o(.text)
    lv_example_table_1                       0x0801c8d3   Thumb Code    76  mapp.o(.text)
    vListInitialise                          0x0801ca41   Thumb Code    22  list.o(.text)
    vListInitialiseItem                      0x0801ca57   Thumb Code     6  list.o(.text)
    vListInsertEnd                           0x0801ca5d   Thumb Code    24  list.o(.text)
    vListInsert                              0x0801ca75   Thumb Code    48  list.o(.text)
    uxListRemove                             0x0801caa5   Thumb Code    36  list.o(.text)
    xQueueGenericReset                       0x0801cac9   Thumb Code   130  queue.o(.text)
    xQueueGenericCreate                      0x0801cb71   Thumb Code    64  queue.o(.text)
    xQueueGenericSend                        0x0801cd29   Thumb Code   358  queue.o(.text)
    xQueueCreateMutex                        0x0801cecf   Thumb Code    24  queue.o(.text)
    xQueueGiveMutexRecursive                 0x0801cee7   Thumb Code    62  queue.o(.text)
    xQueueGenericReceive                     0x0801cf67   Thumb Code   386  queue.o(.text)
    xQueueTakeMutexRecursive                 0x0801d0e9   Thumb Code    70  queue.o(.text)
    xQueueCreateCountingSemaphore            0x0801d12f   Thumb Code    64  queue.o(.text)
    xQueueGenericSendFromISR                 0x0801d16f   Thumb Code   210  queue.o(.text)
    xQueueGiveFromISR                        0x0801d241   Thumb Code   184  queue.o(.text)
    xQueueReceiveFromISR                     0x0801d2f9   Thumb Code   152  queue.o(.text)
    xQueuePeekFromISR                        0x0801d391   Thumb Code   120  queue.o(.text)
    uxQueueMessagesWaiting                   0x0801d409   Thumb Code    38  queue.o(.text)
    uxQueueSpacesAvailable                   0x0801d42f   Thumb Code    42  queue.o(.text)
    uxQueueMessagesWaitingFromISR            0x0801d459   Thumb Code    28  queue.o(.text)
    vQueueUnregisterQueue                    0x0801d475   Thumb Code    36  queue.o(.text)
    vQueueDelete                             0x0801d499   Thumb Code    40  queue.o(.text)
    uxQueueGetQueueNumber                    0x0801d4c1   Thumb Code     4  queue.o(.text)
    vQueueSetQueueNumber                     0x0801d4c5   Thumb Code     4  queue.o(.text)
    ucQueueGetQueueType                      0x0801d4c9   Thumb Code     6  queue.o(.text)
    xQueueIsQueueEmptyFromISR                0x0801d4cf   Thumb Code    36  queue.o(.text)
    xQueueIsQueueFullFromISR                 0x0801d4f3   Thumb Code    40  queue.o(.text)
    vQueueAddToRegistry                      0x0801d51b   Thumb Code    32  queue.o(.text)
    pcQueueGetName                           0x0801d53b   Thumb Code    34  queue.o(.text)
    vQueueWaitForMessageRestricted           0x0801d55d   Thumb Code    70  queue.o(.text)
    xQueueCreateSet                          0x0801d5a3   Thumb Code     8  queue.o(.text)
    xQueueAddToSet                           0x0801d5ab   Thumb Code    38  queue.o(.text)
    xQueueRemoveFromSet                      0x0801d5d1   Thumb Code    38  queue.o(.text)
    xQueueSelectFromSet                      0x0801d5f7   Thumb Code    18  queue.o(.text)
    xQueueSelectFromSetFromISR               0x0801d609   Thumb Code    18  queue.o(.text)
    xTaskCreate                              0x0801d783   Thumb Code    96  tasks.o(.text)
    vTaskDelete                              0x0801d815   Thumb Code   154  tasks.o(.text)
    xTaskIncrementTick                       0x0801d8af   Thumb Code   192  tasks.o(.text)
    xTaskResumeAll                           0x0801d96f   Thumb Code   242  tasks.o(.text)
    vTaskSuspendAll                          0x0801dac7   Thumb Code    10  tasks.o(.text)
    vTaskDelayUntil                          0x0801dad1   Thumb Code   144  tasks.o(.text)
    vTaskDelay                               0x0801db61   Thumb Code    70  tasks.o(.text)
    eTaskGetState                            0x0801dba7   Thumb Code    98  tasks.o(.text)
    uxTaskPriorityGet                        0x0801dc09   Thumb Code    24  tasks.o(.text)
    uxTaskPriorityGetFromISR                 0x0801dc21   Thumb Code    40  tasks.o(.text)
    vTaskPrioritySet                         0x0801dc49   Thumb Code   192  tasks.o(.text)
    vTaskSwitchContext                       0x0801dd09   Thumb Code    88  tasks.o(.text)
    vTaskSuspend                             0x0801dd61   Thumb Code   156  tasks.o(.text)
    vTaskResume                              0x0801de2f   Thumb Code   138  tasks.o(.text)
    xTaskResumeFromISR                       0x0801deb9   Thumb Code   130  tasks.o(.text)
    vTaskStartScheduler                      0x0801dfa5   Thumb Code   100  tasks.o(.text)
    vTaskEndScheduler                        0x0801e009   Thumb Code    24  tasks.o(.text)
    xTaskGetTickCount                        0x0801e021   Thumb Code     6  tasks.o(.text)
    xTaskGetTickCountFromISR                 0x0801e027   Thumb Code    12  tasks.o(.text)
    uxTaskGetNumberOfTasks                   0x0801e033   Thumb Code     6  tasks.o(.text)
    pcTaskGetName                            0x0801e039   Thumb Code    40  tasks.o(.text)
    vTaskGetInfo                             0x0801e075   Thumb Code   120  tasks.o(.text)
    uxTaskGetSystemState                     0x0801e147   Thumb Code   158  tasks.o(.text)
    vTaskPlaceOnEventList                    0x0801e1e5   Thumb Code    48  tasks.o(.text)
    vTaskPlaceOnUnorderedEventList           0x0801e215   Thumb Code   112  tasks.o(.text)
    vTaskPlaceOnEventListRestricted          0x0801e285   Thumb Code    58  tasks.o(.text)
    xTaskRemoveFromEventList                 0x0801e2bf   Thumb Code   110  tasks.o(.text)
    xTaskRemoveFromUnorderedEventList        0x0801e32d   Thumb Code   118  tasks.o(.text)
    vTaskSetTimeOutState                     0x0801e3a3   Thumb Code    36  tasks.o(.text)
    xTaskCheckForTimeOut                     0x0801e3c7   Thumb Code   112  tasks.o(.text)
    vTaskMissedYield                         0x0801e437   Thumb Code     8  tasks.o(.text)
    uxTaskGetTaskNumber                      0x0801e43f   Thumb Code    12  tasks.o(.text)
    vTaskSetTaskNumber                       0x0801e44b   Thumb Code     8  tasks.o(.text)
    xTaskGetCurrentTaskHandle                0x0801e453   Thumb Code     6  tasks.o(.text)
    xTaskGetSchedulerState                   0x0801e459   Thumb Code    24  tasks.o(.text)
    vTaskPriorityInherit                     0x0801e471   Thumb Code   126  tasks.o(.text)
    xTaskPriorityDisinherit                  0x0801e4ef   Thumb Code   144  tasks.o(.text)
    vTaskList                                0x0801e5a3   Thumb Code   168  tasks.o(.text)
    uxTaskResetEventItemValue                0x0801e64b   Thumb Code    20  tasks.o(.text)
    pvTaskIncrementMutexHeldCount            0x0801e65f   Thumb Code    20  tasks.o(.text)
    ulTaskNotifyTake                         0x0801e673   Thumb Code   126  tasks.o(.text)
    xTaskNotifyWait                          0x0801e6f1   Thumb Code   132  tasks.o(.text)
    xTaskGenericNotify                       0x0801e775   Thumb Code   194  tasks.o(.text)
    xTaskGenericNotifyFromISR                0x0801e837   Thumb Code   242  tasks.o(.text)
    vTaskNotifyGiveFromISR                   0x0801e929   Thumb Code   174  tasks.o(.text)
    xTaskNotifyStateClear                    0x0801e9d7   Thumb Code    46  tasks.o(.text)
    xTimerGenericCommand                     0x0801ea51   Thumb Code   112  timers.o(.text)
    xTimerCreateTimerTask                    0x0801ed37   Thumb Code    58  timers.o(.text)
    xTimerCreate                             0x0801edb3   Thumb Code    46  timers.o(.text)
    xTimerGetTimerDaemonTaskHandle           0x0801ede1   Thumb Code   100  timers.o(.text)
    xTimerGetPeriod                          0x0801ee45   Thumb Code    28  timers.o(.text)
    xTimerGetExpiryTime                      0x0801ee61   Thumb Code    28  timers.o(.text)
    pcTimerGetName                           0x0801ee7d   Thumb Code    28  timers.o(.text)
    xTimerIsTimerActive                      0x0801ee99   Thumb Code    46  timers.o(.text)
    pvTimerGetTimerID                        0x0801eec7   Thumb Code    38  timers.o(.text)
    vTimerSetTimerID                         0x0801eeed   Thumb Code    40  timers.o(.text)
    xTimerPendFunctionCallFromISR            0x0801ef15   Thumb Code    34  timers.o(.text)
    xTimerPendFunctionCall                   0x0801ef37   Thumb Code    66  timers.o(.text)
    pxPortInitialiseStack                    0x0801efa1   Thumb Code    30  port.o(.text)
    vPortSetupTimerInterrupt                 0x0801efbf   Thumb Code    26  port.o(.text)
    xPortStartScheduler                      0x0801efd9   Thumb Code   192  port.o(.text)
    vPortEndScheduler                        0x0801f099   Thumb Code    24  port.o(.text)
    vPortEnterCritical                       0x0801f0b1   Thumb Code    52  port.o(.text)
    vPortExitCritical                        0x0801f0e5   Thumb Code    38  port.o(.text)
    xPortSysTickHandler                      0x0801f10b   Thumb Code    40  port.o(.text)
    vPortValidateInterruptPriority           0x0801f133   Thumb Code    72  port.o(.text)
    pvPortMalloc                             0x0801f267   Thumb Code   206  heap_4.o(.text)
    vPortFree                                0x0801f335   Thumb Code    96  heap_4.o(.text)
    xPortGetFreeHeapSize                     0x0801f395   Thumb Code     8  heap_4.o(.text)
    xPortGetMinimumEverFreeHeapSize          0x0801f39d   Thumb Code     8  heap_4.o(.text)
    vPortInitialiseBlocks                    0x0801f3a5   Thumb Code     2  heap_4.o(.text)
    malloc                                   0x0801f3e9   Thumb Code    94  h1_alloc.o(.text)
    vsnprintf                                0x0801f449   Thumb Code    48  vsnprintf.o(.text)
    __2printf                                0x0801f47d   Thumb Code    20  __2printf.o(.text)
    __2sprintf                               0x0801f495   Thumb Code    38  __2sprintf.o(.text)
    _printf_str                              0x0801f4c1   Thumb Code    82  _printf_str.o(.text)
    _printf_int_dec                          0x0801f515   Thumb Code   104  _printf_dec.o(.text)
    _printf_longlong_hex                     0x0801f58d   Thumb Code    86  _printf_hex_int_ll_ptr.o(.text)
    _printf_int_hex                          0x0801f5e3   Thumb Code    28  _printf_hex_int_ll_ptr.o(.text)
    _printf_ll_hex                           0x0801f5ff   Thumb Code    12  _printf_hex_int_ll_ptr.o(.text)
    _printf_hex_ptr                          0x0801f60b   Thumb Code    18  _printf_hex_int_ll_ptr.o(.text)
    __printf                                 0x0801f621   Thumb Code   388  __printf_flags_ss_wp.o(.text)
    strchr                                   0x0801f7a9   Thumb Code    20  strchr.o(.text)
    strstr                                   0x0801f7bd   Thumb Code    36  strstr.o(.text)
    strcpy                                   0x0801f7e1   Thumb Code    72  strcpy.o(.text)
    strlen                                   0x0801f829   Thumb Code    62  strlen.o(.text)
    __aeabi_memcpy                           0x0801f867   Thumb Code     0  rt_memcpy_v6.o(.text)
    __rt_memcpy                              0x0801f867   Thumb Code   138  rt_memcpy_v6.o(.text)
    _memcpy_lastbytes                        0x0801f8cd   Thumb Code     0  rt_memcpy_v6.o(.text)
    __aeabi_memcpy4                          0x0801f8f1   Thumb Code     0  rt_memcpy_w.o(.text)
    __aeabi_memcpy8                          0x0801f8f1   Thumb Code     0  rt_memcpy_w.o(.text)
    __rt_memcpy_w                            0x0801f8f1   Thumb Code   100  rt_memcpy_w.o(.text)
    _memcpy_lastbytes_aligned                0x0801f939   Thumb Code     0  rt_memcpy_w.o(.text)
    __aeabi_memset                           0x0801f955   Thumb Code    16  aeabi_memset.o(.text)
    __aeabi_memclr                           0x0801f965   Thumb Code     0  rt_memclr.o(.text)
    __rt_memclr                              0x0801f965   Thumb Code    68  rt_memclr.o(.text)
    _memset                                  0x0801f969   Thumb Code     0  rt_memclr.o(.text)
    __aeabi_memclr4                          0x0801f9a9   Thumb Code     0  rt_memclr_w.o(.text)
    __aeabi_memclr8                          0x0801f9a9   Thumb Code     0  rt_memclr_w.o(.text)
    __rt_memclr_w                            0x0801f9a9   Thumb Code    78  rt_memclr_w.o(.text)
    _memset_w                                0x0801f9ad   Thumb Code     0  rt_memclr_w.o(.text)
    strcmp                                   0x0801f9f9   Thumb Code   128  strcmpv7m.o(.text)
    __use_two_region_memory                  0x0801fa79   Thumb Code     2  heapauxi.o(.text)
    __rt_heap_escrow                         0x0801fa7b   Thumb Code     2  heapauxi.o(.text)
    __rt_heap_expand                         0x0801fa7d   Thumb Code     2  heapauxi.o(.text)
    __rt_heap_descriptor                     0x0801fa81   Thumb Code     8  rt_heap_descriptor_intlibspace.o(.text)
    __use_no_heap                            0x0801fa89   Thumb Code     2  hguard.o(.text)
    __heap$guard                             0x0801fa8b   Thumb Code     2  hguard.o(.text)
    _terminate_user_alloc                    0x0801fa8d   Thumb Code     2  init_alloc.o(.text)
    _init_user_alloc                         0x0801fa8f   Thumb Code     2  init_alloc.o(.text)
    __Heap_Full                              0x0801fa91   Thumb Code    34  init_alloc.o(.text)
    __Heap_Broken                            0x0801fab3   Thumb Code     6  init_alloc.o(.text)
    _init_alloc                              0x0801fab9   Thumb Code    94  init_alloc.o(.text)
    __Heap_Initialize                        0x0801fb17   Thumb Code    10  h1_init.o(.text)
    __Heap_DescSize                          0x0801fb21   Thumb Code     4  h1_init.o(.text)
    free                                     0x0801fb25   Thumb Code    78  h1_free.o(.text)
    __read_errno                             0x0801fb73   Thumb Code    10  _rserrno.o(.text)
    __set_errno                              0x0801fb7d   Thumb Code    12  _rserrno.o(.text)
    _printf_pre_padding                      0x0801fb89   Thumb Code    44  _printf_pad.o(.text)
    _printf_post_padding                     0x0801fbb5   Thumb Code    34  _printf_pad.o(.text)
    _printf_truncate_signed                  0x0801fbd7   Thumb Code    18  _printf_truncate.o(.text)
    _printf_truncate_unsigned                0x0801fbe9   Thumb Code    18  _printf_truncate.o(.text)
    _printf_int_common                       0x0801fbfb   Thumb Code   178  _printf_intcommon.o(.text)
    _printf_charcount                        0x0801fcad   Thumb Code    40  _printf_charcount.o(.text)
    _printf_char_common                      0x0801fcdf   Thumb Code    32  _printf_char_common.o(.text)
    _sputc                                   0x0801fd05   Thumb Code    10  _sputc.o(.text)
    _snputc                                  0x0801fd0f   Thumb Code    16  _snputc.o(.text)
    _printf_cs_common                        0x0801fd1f   Thumb Code    20  _printf_char.o(.text)
    _printf_char                             0x0801fd33   Thumb Code    16  _printf_char.o(.text)
    _printf_string                           0x0801fd43   Thumb Code     8  _printf_char.o(.text)
    _printf_char_file                        0x0801fd4d   Thumb Code    32  _printf_char_file.o(.text)
    _printf_wctomb                           0x0801fd71   Thumb Code   182  _printf_wctomb.o(.text)
    _printf_longlong_dec                     0x0801fe2d   Thumb Code   108  _printf_longlong_dec.o(.text)
    _printf_longlong_oct                     0x0801fea9   Thumb Code    66  _printf_oct_int_ll.o(.text)
    _printf_int_oct                          0x0801feeb   Thumb Code    24  _printf_oct_int_ll.o(.text)
    _printf_ll_oct                           0x0801ff03   Thumb Code    12  _printf_oct_int_ll.o(.text)
    __user_libspace                          0x0801ff19   Thumb Code     8  libspace.o(.text)
    __user_perproc_libspace                  0x0801ff19   Thumb Code     0  libspace.o(.text)
    __user_perthread_libspace                0x0801ff19   Thumb Code     0  libspace.o(.text)
    __aeabi_errno_addr                       0x0801ff21   Thumb Code     8  rt_errno_addr_intlibspace.o(.text)
    __errno$intlibspace                      0x0801ff21   Thumb Code     0  rt_errno_addr_intlibspace.o(.text)
    __rt_errno_addr$intlibspace              0x0801ff21   Thumb Code     0  rt_errno_addr_intlibspace.o(.text)
    __Heap_ProvideMemory                     0x0801ff29   Thumb Code    52  h1_extend.o(.text)
    _ll_udiv10                               0x0801ff5d   Thumb Code   138  lludiv10.o(.text)
    __lib_sel_fp_printf                      0x0801ffe7   Thumb Code     2  _printf_fp_dec.o(.text)
    _printf_fp_dec_real                      0x08020199   Thumb Code   620  _printf_fp_dec.o(.text)
    _printf_fp_hex_real                      0x08020405   Thumb Code   756  _printf_fp_hex.o(.text)
    _printf_lcs_common                       0x08020701   Thumb Code    20  _printf_wchar.o(.text)
    _printf_wchar                            0x08020715   Thumb Code    16  _printf_wchar.o(.text)
    _printf_wstring                          0x08020725   Thumb Code     8  _printf_wchar.o(.text)
    ferror                                   0x0802072d   Thumb Code     8  ferror.o(.text)
    _wcrtomb                                 0x08020735   Thumb Code    64  _wcrtomb.o(.text)
    __rt_SIGRTMEM                            0x08020775   Thumb Code    14  defsig_rtmem_outer.o(.text)
    __I$use$semihosting                      0x08020783   Thumb Code     0  use_no_semi.o(.text)
    __use_no_semihosting_swi                 0x08020783   Thumb Code     2  use_no_semi.o(.text)
    __semihosting_library_function           0x08020785   Thumb Code     0  indicate_semi.o(.text)
    __user_setup_stackheap                   0x08020785   Thumb Code    74  sys_stackheap_outer.o(.text)
    __rt_ctype_table                         0x080207d1   Thumb Code    16  rt_ctype_table.o(.text)
    __rt_locale                              0x080207e1   Thumb Code     8  rt_locale_intlibspace.o(.text)
    _printf_fp_infnan                        0x080207e9   Thumb Code   112  _printf_fp_infnan.o(.text)
    _btod_etento                             0x08020869   Thumb Code   224  bigflt0.o(.text)
    exit                                     0x0802094d   Thumb Code    18  exit.o(.text)
    __sig_exit                               0x0802095f   Thumb Code    10  defsig_exit.o(.text)
    __rt_SIGRTMEM_inner                      0x08020969   Thumb Code    22  defsig_rtmem_inner.o(.text)
    __default_signal_display                 0x080209b9   Thumb Code    50  defsig_general.o(.text)
    _ttywrch                                 0x080209eb   Thumb Code    14  sys_wrch.o(.text)
    _btod_d2e                                0x080209f9   Thumb Code    62  btod.o(CL$$btod_d2e)
    _d2e_denorm_low                          0x08020a37   Thumb Code    70  btod.o(CL$$btod_d2e_denorm_low)
    _d2e_norm_op1                            0x08020a7d   Thumb Code    96  btod.o(CL$$btod_d2e_norm_op1)
    __btod_div_common                        0x08020add   Thumb Code   696  btod.o(CL$$btod_div_common)
    _e2e                                     0x08020e15   Thumb Code   220  btod.o(CL$$btod_e2e)
    _btod_ediv                               0x08020ef1   Thumb Code    42  btod.o(CL$$btod_ediv)
    _btod_emul                               0x08020f1b   Thumb Code    42  btod.o(CL$$btod_emul)
    __btod_mult_common                       0x08020f45   Thumb Code   580  btod.o(CL$$btod_mult_common)
    __ARM_fpclassify                         0x08021189   Thumb Code    48  fpclassify.o(i.__ARM_fpclassify)
    __hardfp_sqrt                            0x080211b9   Thumb Code   122  sqrt.o(i.__hardfp_sqrt)
    _is_digit                                0x08021233   Thumb Code    14  __printf_wp.o(i._is_digit)
    _get_lc_numeric                          0x08021241   Thumb Code    44  lc_numeric_c.o(locale$$code)
    _get_lc_ctype                            0x0802126d   Thumb Code    44  lc_ctype_c.o(locale$$code)
    __aeabi_dadd                             0x08021299   Thumb Code     0  daddsub_clz.o(x$fpl$dadd)
    _dadd                                    0x08021299   Thumb Code   332  daddsub_clz.o(x$fpl$dadd)
    __fpl_dcmp_Inf                           0x080213e9   Thumb Code    24  dcmpi.o(x$fpl$dcmpinf)
    __aeabi_d2uiz                            0x08021401   Thumb Code     0  dfixu.o(x$fpl$dfixu)
    _dfixu                                   0x08021401   Thumb Code    90  dfixu.o(x$fpl$dfixu)
    __aeabi_ui2d                             0x0802145b   Thumb Code     0  dflt_clz.o(x$fpl$dfltu)
    _dfltu                                   0x0802145b   Thumb Code    38  dflt_clz.o(x$fpl$dfltu)
    __aeabi_cdcmple                          0x08021481   Thumb Code     0  dleqf.o(x$fpl$dleqf)
    _dcmple                                  0x08021481   Thumb Code   120  dleqf.o(x$fpl$dleqf)
    __fpl_dcmple_InfNaN                      0x080214e3   Thumb Code     0  dleqf.o(x$fpl$dleqf)
    __aeabi_dmul                             0x080214f9   Thumb Code     0  dmul.o(x$fpl$dmul)
    _dmul                                    0x080214f9   Thumb Code   332  dmul.o(x$fpl$dmul)
    __fpl_dnaninf                            0x0802164d   Thumb Code   156  dnaninf.o(x$fpl$dnaninf)
    __fpl_dretinf                            0x080216e9   Thumb Code    12  dretinf.o(x$fpl$dretinf)
    __aeabi_cdrcmple                         0x080216f5   Thumb Code     0  drleqf.o(x$fpl$drleqf)
    _drcmple                                 0x080216f5   Thumb Code   108  drleqf.o(x$fpl$drleqf)
    __aeabi_drsub                            0x08021761   Thumb Code     0  daddsub_clz.o(x$fpl$drsb)
    _drsb                                    0x08021761   Thumb Code    22  daddsub_clz.o(x$fpl$drsb)
    _dsqrt                                   0x08021779   Thumb Code   404  dsqrt_umaal.o(x$fpl$dsqrt)
    __aeabi_dsub                             0x08021911   Thumb Code     0  daddsub_clz.o(x$fpl$dsub)
    _dsub                                    0x08021911   Thumb Code   464  daddsub_clz.o(x$fpl$dsub)
    __aeabi_f2d                              0x08021ae5   Thumb Code     0  f2d.o(x$fpl$f2d)
    _f2d                                     0x08021ae5   Thumb Code    86  f2d.o(x$fpl$f2d)
    __fpl_fnaninf                            0x08021b3b   Thumb Code   140  fnaninf.o(x$fpl$fnaninf)
    _fp_init                                 0x08021bc7   Thumb Code    10  fpinit.o(x$fpl$fpinit)
    __fplib_config_fpu_vfp                   0x08021bcf   Thumb Code     0  fpinit.o(x$fpl$fpinit)
    __fplib_config_pureend_doubles           0x08021bcf   Thumb Code     0  fpinit.o(x$fpl$fpinit)
    _printf_fp_dec                           0x08021bd1   Thumb Code     4  printf1.o(x$fpl$printf1)
    _printf_fp_hex                           0x08021bd5   Thumb Code     4  printf2.o(x$fpl$printf2)
    __I$use$fp                               0x08021bd8   Number         0  usenofp.o(x$fpl$usenofp)
    asc2_1206                                0x08021bd8   Data        1140  lcd.o(.constdata)
    asc2_1608                                0x0802204c   Data        1520  lcd.o(.constdata)
    asc2_2412                                0x0802263c   Data        3420  lcd.o(.constdata)
    GT9147_CFG_TBL                           0x08023398   Data         184  gt9147.o(.constdata)
    GT9147_TPX_TBL                           0x08023450   Data          10  gt9147.o(.constdata)
    OTT_TPX_TBL                              0x0802345a   Data          10  ott2001a.o(.constdata)
    FT5206_TPX_TBL                           0x08023464   Data          10  ft5206.o(.constdata)
    TP_REMIND_MSG_TBL                        0x08023470   Data           4  touch.o(.constdata)
    FSMC_DefaultTimingStruct                 0x08023474   Data          28  stm32f4xx_fsmc.o(.constdata)
    MBOX_MAP                                 0x0802a454   Data          12  mapp.o(.constdata)
    qrcode_map                               0x0802a460   Data       115200  qrcode.o(.constdata)
    qrcode                                   0x08046660   Data          12  qrcode.o(.constdata)
    Region$$Table$$Base                      0x080469b4   Number         0  anon$$obj.o(Region$$Table)
    Region$$Table$$Limit                     0x080469d4   Number         0  anon$$obj.o(Region$$Table)
    __ctype                                  0x080469fd   Data           0  lc_ctype_c.o(locale$$data)
    msg_flag                                 0x20000000   Data           1  main.o(.data)
    bookIndex                                0x20000004   Data           4  main.o(.data)
    musicIndex                               0x20000008   Data           4  main.o(.data)
    error_index                              0x2000000c   Data           4  main.o(.data)
    error_index1                             0x20000010   Data           4  main.o(.data)
    preview_flag                             0x20000014   Data           4  main.o(.data)
    getbook_flag                             0x20000018   Data           4  main.o(.data)
    dataPtr                                  0x2000001c   Data           4  main.o(.data)
    cmd                                      0x20000020   Data           4  main.o(.data)
    bookid                                   0x20000024   Data           4  main.o(.data)
    i                                        0x20000028   Data           4  main.o(.data)
    StartTask_Handler                        0x2000002c   Data           4  main.o(.data)
    CtrlTask_Handler                         0x20000030   Data           4  main.o(.data)
    GUI_Handler                              0x20000034   Data           4  main.o(.data)
    Cmd_Handler                              0x20000038   Data           4  main.o(.data)
    PushBook_Handler                         0x2000003c   Data           4  main.o(.data)
    GetBook_Handler                          0x20000040   Data           4  main.o(.data)
    PreviewBook_Handler                      0x20000044   Data           4  main.o(.data)
    Error_handler                            0x20000048   Data           4  main.o(.data)
    Other_Handler                            0x2000004c   Data           4  main.o(.data)
    Tip_Handler                              0x20000050   Data           4  main.o(.data)
    BinarySemaphore                          0x20000054   Data           4  main.o(.data)
    SystemCoreClock                          0x20000058   Data           4  system_stm32f4xx.o(.data)
    AHBPrescTable                            0x2000005c   Data          16  system_stm32f4xx.o(.data)
    POINT_COLOR                              0x2000006c   Data           2  lcd.o(.data)
    BACK_COLOR                               0x2000006e   Data           2  lcd.o(.data)
    CMD_RDX                                  0x20000074   Data           1  touch.o(.data)
    CMD_RDY                                  0x20000075   Data           1  touch.o(.data)
    tp_dev                                   0x20000078   Data          52  touch.o(.data)
    esp8266_cnt                              0x200000ac   Data           2  esp8266.o(.data)
    esp8266_cntPre                           0x200000ae   Data           2  esp8266.o(.data)
    USART_RX_STA                             0x200000b4   Data           2  usart.o(.data)
    __stdout                                 0x200000b8   Data           4  usart.o(.data)
    lv_font_roboto_28                        0x2000012c   Data          16  lv_font_roboto_28.o(.data)
    _lv_img_cache_array                      0x20000150   Data           4  lv_gc.o(.data)
    _lv_task_act                             0x20000154   Data           4  lv_gc.o(.data)
    _lv_draw_buf                             0x20000158   Data           4  lv_gc.o(.data)
    lv_txt_encoded_size                      0x20000178   Data           4  lv_txt.o(.data)
    lv_txt_encoded_next                      0x2000017c   Data           4  lv_txt.o(.data)
    lv_txt_encoded_prev                      0x20000180   Data           4  lv_txt.o(.data)
    lv_txt_encoded_get_byte_id               0x20000184   Data           4  lv_txt.o(.data)
    lv_txt_unicode_to_encoded                0x20000188   Data           4  lv_txt.o(.data)
    lv_encoded_get_char_id                   0x2000018c   Data           4  lv_txt.o(.data)
    lv_txt_get_encoded_length                0x20000190   Data           4  lv_txt.o(.data)
    fun                                      0x20000474   Data           4  mapp.o(.data)
    tabview1                                 0x20000478   Data           4  mapp.o(.data)
    kb1                                      0x2000047c   Data           4  mapp.o(.data)
    btn1                                     0x20000480   Data           4  mapp.o(.data)
    btn2                                     0x20000484   Data           4  mapp.o(.data)
    error_btn                                0x20000488   Data           4  mapp.o(.data)
    ta1                                      0x2000048c   Data           4  mapp.o(.data)
    tab1_page                                0x20000490   Data           4  mapp.o(.data)
    tab2_page                                0x20000494   Data           4  mapp.o(.data)
    quit_mbox                                0x20000498   Data           4  mapp.o(.data)
    sell_mbox                                0x2000049c   Data           4  mapp.o(.data)
    buy_mbox                                 0x200004a0   Data           4  mapp.o(.data)
    preview_mbox                             0x200004a4   Data           4  mapp.o(.data)
    commit_mbox                              0x200004a8   Data           4  mapp.o(.data)
    error_mbox                               0x200004ac   Data           4  mapp.o(.data)
    pxCurrentTCB                             0x200004b0   Data           4  tasks.o(.data)
    BOOK                                     0x20000524   Data         640  main.o(.bss)
    lcddev                                   0x200007a4   Data          14  lcd.o(.bss)
    esp8266_buf                              0x200007b2   Data         128  esp8266.o(.bss)
    send_buf                                 0x20000832   Data          10  music.o(.bss)
    USART_RX_BUF                             0x2000083c   Data         200  usart.o(.bss)
    lv_style_scr                             0x20000904   Data          60  lv_style.o(.bss)
    lv_style_transp                          0x20000940   Data          60  lv_style.o(.bss)
    lv_style_transp_fit                      0x2000097c   Data          60  lv_style.o(.bss)
    lv_style_transp_tight                    0x200009b8   Data          60  lv_style.o(.bss)
    lv_style_plain                           0x200009f4   Data          60  lv_style.o(.bss)
    lv_style_plain_color                     0x20000a30   Data          60  lv_style.o(.bss)
    lv_style_pretty                          0x20000a6c   Data          60  lv_style.o(.bss)
    lv_style_pretty_color                    0x20000aa8   Data          60  lv_style.o(.bss)
    lv_style_btn_rel                         0x20000ae4   Data          60  lv_style.o(.bss)
    lv_style_btn_pr                          0x20000b20   Data          60  lv_style.o(.bss)
    lv_style_btn_tgl_rel                     0x20000b5c   Data          60  lv_style.o(.bss)
    lv_style_btn_tgl_pr                      0x20000b98   Data          60  lv_style.o(.bss)
    lv_style_btn_ina                         0x20000bd4   Data          60  lv_style.o(.bss)
    _lv_task_ll                              0x20000c10   Data          12  lv_gc.o(.bss)
    _lv_disp_ll                              0x20000c1c   Data          12  lv_gc.o(.bss)
    _lv_indev_ll                             0x20000c28   Data          12  lv_gc.o(.bss)
    _lv_anim_ll                              0x20000c34   Data          12  lv_gc.o(.bss)
    _lv_group_ll                             0x20000c40   Data          12  lv_gc.o(.bss)
    _lv_img_defoder_ll                       0x20000c4c   Data          12  lv_gc.o(.bss)
    bg_style                                 0x200066fc   Data          60  mapp.o(.bss)
    indic_style                              0x20006738   Data          60  mapp.o(.bss)
    btn_bg_style                             0x20006774   Data          60  mapp.o(.bss)
    btn_rel_style                            0x200067b0   Data          60  mapp.o(.bss)
    btn_pr_style                             0x200067ec   Data          60  mapp.o(.bss)
    btn_tgl_rel_style                        0x20006828   Data          60  mapp.o(.bss)
    btn_tgl_pr_style                         0x20006864   Data          60  mapp.o(.bss)
    sel_style                                0x200068a0   Data          60  mapp.o(.bss)
    xQueueRegistry                           0x200068dc   Data          64  queue.o(.bss)
    __libspace_start                         0x2000bc28   Data          96  libspace.o(.bss)
    __temporary_stack_top$libspace           0x2000bc88   Data           0  libspace.o(.bss)



==============================================================================

Memory Map of the image

  Image Entry point : 0x08000189

  Load Region LR_IROM1 (Base: 0x08000000, Size: 0x00047024, Max: 0x00100000, ABSOLUTE, COMPRESSED[0x00046d04])

    Execution Region ER_IROM1 (Exec base: 0x08000000, Load base: 0x08000000, Size: 0x00046b00, Max: 0x00100000, ABSOLUTE)

    Exec Addr    Load Addr    Size         Type   Attr      Idx    E Section Name        Object

    0x08000000   0x08000000   0x00000188   Data   RO         1343    RESET               startup_stm32f40_41xxx.o
    0x08000188   0x08000188   0x00000008   Code   RO         5504  * !!!main             c_w.l(__main.o)
    0x08000190   0x08000190   0x00000034   Code   RO         5881    !!!scatter          c_w.l(__scatter.o)
    0x080001c4   0x080001c4   0x0000005a   Code   RO         5879    !!dczerorl2         c_w.l(__dczerorl2.o)
    0x0800021e   0x0800021e   0x00000002   PAD
    0x08000220   0x08000220   0x0000001c   Code   RO         5883    !!handler_zi        c_w.l(__scatter_zi.o)
    0x0800023c   0x0800023c   0x00000000   Code   RO         5481    .ARM.Collect$$_printf_percent$$00000000  c_w.l(_printf_percent.o)
    0x0800023c   0x0800023c   0x00000006   Code   RO         5607    .ARM.Collect$$_printf_percent$$00000001  c_w.l(_printf_n.o)
    0x08000242   0x08000242   0x00000006   Code   RO         5608    .ARM.Collect$$_printf_percent$$00000002  c_w.l(_printf_p.o)
    0x08000248   0x08000248   0x00000006   Code   RO         5611    .ARM.Collect$$_printf_percent$$00000003  c_w.l(_printf_f.o)
    0x0800024e   0x0800024e   0x00000006   Code   RO         5612    .ARM.Collect$$_printf_percent$$00000004  c_w.l(_printf_e.o)
    0x08000254   0x08000254   0x00000006   Code   RO         5613    .ARM.Collect$$_printf_percent$$00000005  c_w.l(_printf_g.o)
    0x0800025a   0x0800025a   0x00000006   Code   RO         5614    .ARM.Collect$$_printf_percent$$00000006  c_w.l(_printf_a.o)
    0x08000260   0x08000260   0x0000000a   Code   RO         5619    .ARM.Collect$$_printf_percent$$00000007  c_w.l(_printf_ll.o)
    0x0800026a   0x0800026a   0x00000006   Code   RO         5610    .ARM.Collect$$_printf_percent$$00000008  c_w.l(_printf_i.o)
    0x08000270   0x08000270   0x00000006   Code   RO         5479    .ARM.Collect$$_printf_percent$$00000009  c_w.l(_printf_d.o)
    0x08000276   0x08000276   0x00000006   Code   RO         5480    .ARM.Collect$$_printf_percent$$0000000A  c_w.l(_printf_u.o)
    0x0800027c   0x0800027c   0x00000006   Code   RO         5609    .ARM.Collect$$_printf_percent$$0000000B  c_w.l(_printf_o.o)
    0x08000282   0x08000282   0x00000006   Code   RO         5478    .ARM.Collect$$_printf_percent$$0000000C  c_w.l(_printf_x.o)
    0x08000288   0x08000288   0x00000006   Code   RO         5616    .ARM.Collect$$_printf_percent$$0000000D  c_w.l(_printf_lli.o)
    0x0800028e   0x0800028e   0x00000006   Code   RO         5617    .ARM.Collect$$_printf_percent$$0000000E  c_w.l(_printf_lld.o)
    0x08000294   0x08000294   0x00000006   Code   RO         5618    .ARM.Collect$$_printf_percent$$0000000F  c_w.l(_printf_llu.o)
    0x0800029a   0x0800029a   0x00000006   Code   RO         5623    .ARM.Collect$$_printf_percent$$00000010  c_w.l(_printf_llo.o)
    0x080002a0   0x080002a0   0x00000006   Code   RO         5624    .ARM.Collect$$_printf_percent$$00000011  c_w.l(_printf_llx.o)
    0x080002a6   0x080002a6   0x0000000a   Code   RO         5620    .ARM.Collect$$_printf_percent$$00000012  c_w.l(_printf_l.o)
    0x080002b0   0x080002b0   0x00000006   Code   RO         5476    .ARM.Collect$$_printf_percent$$00000013  c_w.l(_printf_c.o)
    0x080002b6   0x080002b6   0x00000006   Code   RO         5477    .ARM.Collect$$_printf_percent$$00000014  c_w.l(_printf_s.o)
    0x080002bc   0x080002bc   0x00000006   Code   RO         5621    .ARM.Collect$$_printf_percent$$00000015  c_w.l(_printf_lc.o)
    0x080002c2   0x080002c2   0x00000006   Code   RO         5622    .ARM.Collect$$_printf_percent$$00000016  c_w.l(_printf_ls.o)
    0x080002c8   0x080002c8   0x00000004   Code   RO         5615    .ARM.Collect$$_printf_percent$$00000017  c_w.l(_printf_percent_end.o)
    0x080002cc   0x080002cc   0x00000002   Code   RO         5813    .ARM.Collect$$libinit$$00000000  c_w.l(libinit.o)
    0x080002ce   0x080002ce   0x00000004   Code   RO         5627    .ARM.Collect$$libinit$$00000001  c_w.l(libinit2.o)
    0x080002d2   0x080002d2   0x00000000   Code   RO         5630    .ARM.Collect$$libinit$$00000004  c_w.l(libinit2.o)
    0x080002d2   0x080002d2   0x00000008   Code   RO         5631    .ARM.Collect$$libinit$$00000005  c_w.l(libinit2.o)
    0x080002da   0x080002da   0x00000000   Code   RO         5633    .ARM.Collect$$libinit$$0000000A  c_w.l(libinit2.o)
    0x080002da   0x080002da   0x00000000   Code   RO         5635    .ARM.Collect$$libinit$$0000000C  c_w.l(libinit2.o)
    0x080002da   0x080002da   0x00000000   Code   RO         5637    .ARM.Collect$$libinit$$0000000E  c_w.l(libinit2.o)
    0x080002da   0x080002da   0x00000006   Code   RO         5638    .ARM.Collect$$libinit$$0000000F  c_w.l(libinit2.o)
    0x080002e0   0x080002e0   0x00000000   Code   RO         5640    .ARM.Collect$$libinit$$00000011  c_w.l(libinit2.o)
    0x080002e0   0x080002e0   0x0000000c   Code   RO         5641    .ARM.Collect$$libinit$$00000012  c_w.l(libinit2.o)
    0x080002ec   0x080002ec   0x00000000   Code   RO         5642    .ARM.Collect$$libinit$$00000013  c_w.l(libinit2.o)
    0x080002ec   0x080002ec   0x00000000   Code   RO         5644    .ARM.Collect$$libinit$$00000015  c_w.l(libinit2.o)
    0x080002ec   0x080002ec   0x0000000a   Code   RO         5645    .ARM.Collect$$libinit$$00000016  c_w.l(libinit2.o)
    0x080002f6   0x080002f6   0x00000000   Code   RO         5646    .ARM.Collect$$libinit$$00000017  c_w.l(libinit2.o)
    0x080002f6   0x080002f6   0x00000000   Code   RO         5648    .ARM.Collect$$libinit$$00000019  c_w.l(libinit2.o)
    0x080002f6   0x080002f6   0x00000000   Code   RO         5650    .ARM.Collect$$libinit$$0000001B  c_w.l(libinit2.o)
    0x080002f6   0x080002f6   0x00000000   Code   RO         5652    .ARM.Collect$$libinit$$0000001D  c_w.l(libinit2.o)
    0x080002f6   0x080002f6   0x00000000   Code   RO         5654    .ARM.Collect$$libinit$$0000001F  c_w.l(libinit2.o)
    0x080002f6   0x080002f6   0x00000000   Code   RO         5656    .ARM.Collect$$libinit$$00000021  c_w.l(libinit2.o)
    0x080002f6   0x080002f6   0x00000000   Code   RO         5658    .ARM.Collect$$libinit$$00000023  c_w.l(libinit2.o)
    0x080002f6   0x080002f6   0x00000000   Code   RO         5660    .ARM.Collect$$libinit$$00000025  c_w.l(libinit2.o)
    0x080002f6   0x080002f6   0x00000000   Code   RO         5664    .ARM.Collect$$libinit$$0000002C  c_w.l(libinit2.o)
    0x080002f6   0x080002f6   0x00000000   Code   RO         5666    .ARM.Collect$$libinit$$0000002E  c_w.l(libinit2.o)
    0x080002f6   0x080002f6   0x00000000   Code   RO         5668    .ARM.Collect$$libinit$$00000030  c_w.l(libinit2.o)
    0x080002f6   0x080002f6   0x00000000   Code   RO         5670    .ARM.Collect$$libinit$$00000032  c_w.l(libinit2.o)
    0x080002f6   0x080002f6   0x00000002   Code   RO         5671    .ARM.Collect$$libinit$$00000033  c_w.l(libinit2.o)
    0x080002f8   0x080002f8   0x00000002   Code   RO         5876    .ARM.Collect$$libshutdown$$00000000  c_w.l(libshutdown.o)
    0x080002fa   0x080002fa   0x00000000   Code   RO         5832    .ARM.Collect$$libshutdown$$00000002  c_w.l(libshutdown2.o)
    0x080002fa   0x080002fa   0x00000000   Code   RO         5834    .ARM.Collect$$libshutdown$$00000004  c_w.l(libshutdown2.o)
    0x080002fa   0x080002fa   0x00000000   Code   RO         5837    .ARM.Collect$$libshutdown$$00000007  c_w.l(libshutdown2.o)
    0x080002fa   0x080002fa   0x00000000   Code   RO         5840    .ARM.Collect$$libshutdown$$0000000A  c_w.l(libshutdown2.o)
    0x080002fa   0x080002fa   0x00000000   Code   RO         5842    .ARM.Collect$$libshutdown$$0000000C  c_w.l(libshutdown2.o)
    0x080002fa   0x080002fa   0x00000000   Code   RO         5845    .ARM.Collect$$libshutdown$$0000000F  c_w.l(libshutdown2.o)
    0x080002fa   0x080002fa   0x00000002   Code   RO         5846    .ARM.Collect$$libshutdown$$00000010  c_w.l(libshutdown2.o)
    0x080002fc   0x080002fc   0x00000000   Code   RO         5544    .ARM.Collect$$rtentry$$00000000  c_w.l(__rtentry.o)
    0x080002fc   0x080002fc   0x00000000   Code   RO         5697    .ARM.Collect$$rtentry$$00000002  c_w.l(__rtentry2.o)
    0x080002fc   0x080002fc   0x00000006   Code   RO         5709    .ARM.Collect$$rtentry$$00000004  c_w.l(__rtentry4.o)
    0x08000302   0x08000302   0x00000000   Code   RO         5699    .ARM.Collect$$rtentry$$00000009  c_w.l(__rtentry2.o)
    0x08000302   0x08000302   0x00000004   Code   RO         5700    .ARM.Collect$$rtentry$$0000000A  c_w.l(__rtentry2.o)
    0x08000306   0x08000306   0x00000000   Code   RO         5702    .ARM.Collect$$rtentry$$0000000C  c_w.l(__rtentry2.o)
    0x08000306   0x08000306   0x00000008   Code   RO         5703    .ARM.Collect$$rtentry$$0000000D  c_w.l(__rtentry2.o)
    0x0800030e   0x0800030e   0x00000002   Code   RO         5818    .ARM.Collect$$rtexit$$00000000  c_w.l(rtexit.o)
    0x08000310   0x08000310   0x00000000   Code   RO         5850    .ARM.Collect$$rtexit$$00000002  c_w.l(rtexit2.o)
    0x08000310   0x08000310   0x00000004   Code   RO         5851    .ARM.Collect$$rtexit$$00000003  c_w.l(rtexit2.o)
    0x08000314   0x08000314   0x00000006   Code   RO         5852    .ARM.Collect$$rtexit$$00000004  c_w.l(rtexit2.o)
    0x0800031a   0x0800031a   0x00000002   PAD
    0x0800031c   0x0800031c   0x000000b6   Code   RO         5302    .emb_text           port.o
    0x080003d2   0x080003d2   0x00000002   PAD
    0x080003d4   0x080003d4   0x00000000   Code   RO         5718    .emb_text           c_w.l(maybetermalloc1.o)
    0x080003d4   0x080003d4   0x0000093c   Code   RO            3    .text               main.o
    0x08000d10   0x08000d10   0x0000000c   Code   RO          505    .text               stm32f4xx_it.o
    0x08000d1c   0x08000d1c   0x00000190   Code   RO          554    .text               system_stm32f4xx.o
    0x08000eac   0x08000eac   0x000000a8   Code   RO          580    .text               include.o
    0x08000f54   0x08000f54   0x00000150   Code   RO          604    .text               checkbook.o
    0x080010a4   0x080010a4   0x000000c0   Code   RO          631    .text               led.o
    0x08001164   0x08001164   0x00003328   Code   RO          651    .text               lcd.o
    0x0800448c   0x0800448c   0x00000148   Code   RO          689    .text               key.o
    0x080045d4   0x080045d4   0x00000204   Code   RO          709    .text               myiic.o
    0x080047d8   0x080047d8   0x00000142   Code   RO          732    .text               24cxx.o
    0x0800491a   0x0800491a   0x00000002   PAD
    0x0800491c   0x0800491c   0x0000022c   Code   RO          755    .text               ctiic.o
    0x08004b48   0x08004b48   0x000003a0   Code   RO          778    .text               gt9147.o
    0x08004ee8   0x08004ee8   0x000002f8   Code   RO          802    .text               ott2001a.o
    0x080051e0   0x080051e0   0x000002c0   Code   RO          826    .text               ft5206.o
    0x080054a0   0x080054a0   0x00000cf0   Code   RO          850    .text               touch.o
    0x08006190   0x08006190   0x000000cc   Code   RO          882    .text               timer.o
    0x0800625c   0x0800625c   0x000002e4   Code   RO         1074    .text               sram.o
    0x08006540   0x08006540   0x00000040   Code   RO         1094    .text               beep.o
    0x08006580   0x08006580   0x00000380   Code   RO         1114    .text               esp8266.o
    0x08006900   0x08006900   0x0000004a   Code   RO         1141    .text               msg.o
    0x0800694a   0x0800694a   0x00000002   PAD
    0x0800694c   0x0800694c   0x000000b8   Code   RO         1161    .text               music.o
    0x08006a04   0x08006a04   0x0000012c   Code   RO         1184    .text               usart3.o
    0x08006b30   0x08006b30   0x000000b8   Code   RO         1211    .text               usart2.o
    0x08006be8   0x08006be8   0x00000750   Code   RO         1238    .text               rc522.o
    0x08007338   0x08007338   0x000000c8   Code   RO         1265    .text               delay.o
    0x08007400   0x08007400   0x00000120   Code   RO         1305    .text               usart.o
    0x08007520   0x08007520   0x00000040   Code   RO         1344    .text               startup_stm32f40_41xxx.o
    0x08007560   0x08007560   0x000000bc   Code   RO         1350    .text               misc.o
    0x0800761c   0x0800761c   0x00000264   Code   RO         1370    .text               stm32f4xx_gpio.o
    0x08007880   0x08007880   0x00000480   Code   RO         1390    .text               stm32f4xx_fsmc.o
    0x08007d00   0x08007d00   0x000004e0   Code   RO         1413    .text               stm32f4xx_rcc.o
    0x080081e0   0x080081e0   0x000003f4   Code   RO         1455    .text               stm32f4xx_usart.o
    0x080085d4   0x080085d4   0x00000ac2   Code   RO         1475    .text               stm32f4xx_tim.o
    0x08009096   0x08009096   0x000000cc   Code   RO         1493    .text               lv_disp.o
    0x08009162   0x08009162   0x00000002   PAD
    0x08009164   0x08009164   0x00000708   Code   RO         1570    .text               lv_group.o
    0x0800986c   0x0800986c   0x00001108   Code   RO         1666    .text               lv_indev.o
    0x0800a974   0x0800a974   0x00001494   Code   RO         1708    .text               lv_obj.o
    0x0800be08   0x0800be08   0x00000694   Code   RO         1790    .text               lv_refr.o
    0x0800c49c   0x0800c49c   0x00000904   Code   RO         1817    .text               lv_style.o
    0x0800cda0   0x0800cda0   0x0000011c   Code   RO         1848    .text               lv_draw.o
    0x0800cebc   0x0800cebc   0x000008b8   Code   RO         1964    .text               lv_draw_basic.o
    0x0800d774   0x0800d774   0x000006b2   Code   RO         2036    .text               lv_draw_img.o
    0x0800de26   0x0800de26   0x00000002   PAD
    0x0800de28   0x0800de28   0x0000046c   Code   RO         2064    .text               lv_draw_label.o
    0x0800e294   0x0800e294   0x00000e2a   Code   RO         2093    .text               lv_draw_line.o
    0x0800f0be   0x0800f0be   0x00000002   PAD
    0x0800f0c0   0x0800f0c0   0x000021a6   Code   RO         2117    .text               lv_draw_rect.o
    0x08011266   0x08011266   0x00000002   PAD
    0x08011268   0x08011268   0x000001a4   Code   RO         2167    .text               lv_img_cache.o
    0x0801140c   0x0801140c   0x000005c8   Code   RO         2197    .text               lv_img_decoder.o
    0x080119d4   0x080119d4   0x00000026   Code   RO         2251    .text               lv_font.o
    0x080119fa   0x080119fa   0x00000002   PAD
    0x080119fc   0x080119fc   0x00000270   Code   RO         2282    .text               lv_font_fmt_txt.o
    0x08011c6c   0x08011c6c   0x00000284   Code   RO         2702    .text               lv_hal_disp.o
    0x08011ef0   0x08011ef0   0x000000d4   Code   RO         2789    .text               lv_hal_indev.o
    0x08011fc4   0x08011fc4   0x00000038   Code   RO         2863    .text               lv_hal_tick.o
    0x08011ffc   0x08011ffc   0x00000422   Code   RO         2883    .text               lv_anim.o
    0x0801241e   0x0801241e   0x000001a6   Code   RO         2957    .text               lv_area.o
    0x080125c4   0x080125c4   0x00000054   Code   RO         2972    .text               lv_async.o
    0x08012618   0x08012618   0x00000054   Code   RO         2990    .text               lv_circ.o
    0x0801266c   0x0801266c   0x00000340   Code   RO         3067    .text               lv_ll.o
    0x080129ac   0x080129ac   0x000000b0   Code   RO         3085    .text               lv_math.o
    0x08012a5c   0x08012a5c   0x0000027c   Code   RO         3099    .text               lv_mem.o
    0x08012cd8   0x08012cd8   0x000002c8   Code   RO         3114    .text               lv_task.o
    0x08012fa0   0x08012fa0   0x0000058a   Code   RO         3137    .text               lv_txt.o
    0x0801352a   0x0801352a   0x000000be   Code   RO         3166    .text               lv_utils.o
    0x080135e8   0x080135e8   0x000004a0   Code   RO         3381    .text               lv_btn.o
    0x08013a88   0x08013a88   0x00000f04   Code   RO         3410    .text               lv_btnm.o
    0x0801498c   0x0801498c   0x00000ad0   Code   RO         3646    .text               lv_cont.o
    0x0801545c   0x0801545c   0x0000048c   Code   RO         3753    .text               lv_img.o
    0x080158e8   0x080158e8   0x00000562   Code   RO         3800    .text               lv_kb.o
    0x08015e4a   0x08015e4a   0x00000002   PAD
    0x08015e4c   0x08015e4c   0x000010b4   Code   RO         3828    .text               lv_label.o
    0x08016f00   0x08016f00   0x000005cc   Code   RO         3983    .text               lv_mbox.o
    0x080174cc   0x080174cc   0x00001504   Code   RO         4035    .text               lv_page.o
    0x080189d0   0x080189d0   0x0000195c   Code   RO         4268    .text               lv_ta.o
    0x0801a32c   0x0801a32c   0x00000a48   Code   RO         4303    .text               lv_table.o
    0x0801ad74   0x0801ad74   0x00001200   Code   RO         4329    .text               lv_tabview.o
    0x0801bf74   0x0801bf74   0x0000008c   Code   RO         4478    .text               lv_theme.o
    0x0801c000   0x0801c000   0x00000068   Code   RO         4797    .text               lv_port_disp.o
    0x0801c068   0x0801c068   0x00000058   Code   RO         5063    .text               lv_port_indev.o
    0x0801c0c0   0x0801c0c0   0x00000980   Code   RO         5087    .text               mapp.o
    0x0801ca40   0x0801ca40   0x00000088   Code   RO         5197    .text               list.o
    0x0801cac8   0x0801cac8   0x00000b5c   Code   RO         5217    .text               queue.o
    0x0801d624   0x0801d624   0x000013f0   Code   RO         5240    .text               tasks.o
    0x0801ea14   0x0801ea14   0x00000568   Code   RO         5279    .text               timers.o
    0x0801ef7c   0x0801ef7c   0x00000258   Code   RO         5303    .text               port.o
    0x0801f1d4   0x0801f1d4   0x00000214   Code   RO         5340    .text               heap_4.o
    0x0801f3e8   0x0801f3e8   0x0000005e   Code   RO         5365    .text               c_w.l(h1_alloc.o)
    0x0801f446   0x0801f446   0x00000002   PAD
    0x0801f448   0x0801f448   0x00000034   Code   RO         5419    .text               c_w.l(vsnprintf.o)
    0x0801f47c   0x0801f47c   0x00000018   Code   RO         5421    .text               c_w.l(__2printf.o)
    0x0801f494   0x0801f494   0x0000002c   Code   RO         5423    .text               c_w.l(__2sprintf.o)
    0x0801f4c0   0x0801f4c0   0x00000052   Code   RO         5431    .text               c_w.l(_printf_str.o)
    0x0801f512   0x0801f512   0x00000002   PAD
    0x0801f514   0x0801f514   0x00000078   Code   RO         5433    .text               c_w.l(_printf_dec.o)
    0x0801f58c   0x0801f58c   0x00000094   Code   RO         5453    .text               c_w.l(_printf_hex_int_ll_ptr.o)
    0x0801f620   0x0801f620   0x00000188   Code   RO         5473    .text               c_w.l(__printf_flags_ss_wp.o)
    0x0801f7a8   0x0801f7a8   0x00000014   Code   RO         5482    .text               c_w.l(strchr.o)
    0x0801f7bc   0x0801f7bc   0x00000024   Code   RO         5484    .text               c_w.l(strstr.o)
    0x0801f7e0   0x0801f7e0   0x00000048   Code   RO         5486    .text               c_w.l(strcpy.o)
    0x0801f828   0x0801f828   0x0000003e   Code   RO         5488    .text               c_w.l(strlen.o)
    0x0801f866   0x0801f866   0x0000008a   Code   RO         5490    .text               c_w.l(rt_memcpy_v6.o)
    0x0801f8f0   0x0801f8f0   0x00000064   Code   RO         5492    .text               c_w.l(rt_memcpy_w.o)
    0x0801f954   0x0801f954   0x00000010   Code   RO         5494    .text               c_w.l(aeabi_memset.o)
    0x0801f964   0x0801f964   0x00000044   Code   RO         5496    .text               c_w.l(rt_memclr.o)
    0x0801f9a8   0x0801f9a8   0x0000004e   Code   RO         5498    .text               c_w.l(rt_memclr_w.o)
    0x0801f9f6   0x0801f9f6   0x00000002   PAD
    0x0801f9f8   0x0801f9f8   0x00000080   Code   RO         5500    .text               c_w.l(strcmpv7m.o)
    0x0801fa78   0x0801fa78   0x00000006   Code   RO         5502    .text               c_w.l(heapauxi.o)
    0x0801fa7e   0x0801fa7e   0x00000002   PAD
    0x0801fa80   0x0801fa80   0x00000008   Code   RO         5548    .text               c_w.l(rt_heap_descriptor_intlibspace.o)
    0x0801fa88   0x0801fa88   0x00000004   Code   RO         5550    .text               c_w.l(hguard.o)
    0x0801fa8c   0x0801fa8c   0x0000008a   Code   RO         5552    .text               c_w.l(init_alloc.o)
    0x0801fb16   0x0801fb16   0x0000000e   Code   RO         5558    .text               c_w.l(h1_init.o)
    0x0801fb24   0x0801fb24   0x0000004e   Code   RO         5560    .text               c_w.l(h1_free.o)
    0x0801fb72   0x0801fb72   0x00000016   Code   RO         5576    .text               c_w.l(_rserrno.o)
    0x0801fb88   0x0801fb88   0x0000004e   Code   RO         5578    .text               c_w.l(_printf_pad.o)
    0x0801fbd6   0x0801fbd6   0x00000024   Code   RO         5580    .text               c_w.l(_printf_truncate.o)
    0x0801fbfa   0x0801fbfa   0x000000b2   Code   RO         5582    .text               c_w.l(_printf_intcommon.o)
    0x0801fcac   0x0801fcac   0x00000028   Code   RO         5584    .text               c_w.l(_printf_charcount.o)
    0x0801fcd4   0x0801fcd4   0x00000030   Code   RO         5586    .text               c_w.l(_printf_char_common.o)
    0x0801fd04   0x0801fd04   0x0000000a   Code   RO         5588    .text               c_w.l(_sputc.o)
    0x0801fd0e   0x0801fd0e   0x00000010   Code   RO         5590    .text               c_w.l(_snputc.o)
    0x0801fd1e   0x0801fd1e   0x0000002c   Code   RO         5592    .text               c_w.l(_printf_char.o)
    0x0801fd4a   0x0801fd4a   0x00000002   PAD
    0x0801fd4c   0x0801fd4c   0x00000024   Code   RO         5594    .text               c_w.l(_printf_char_file.o)
    0x0801fd70   0x0801fd70   0x000000bc   Code   RO         5596    .text               c_w.l(_printf_wctomb.o)
    0x0801fe2c   0x0801fe2c   0x0000007c   Code   RO         5599    .text               c_w.l(_printf_longlong_dec.o)
    0x0801fea8   0x0801fea8   0x00000070   Code   RO         5605    .text               c_w.l(_printf_oct_int_ll.o)
    0x0801ff18   0x0801ff18   0x00000008   Code   RO         5693    .text               c_w.l(libspace.o)
    0x0801ff20   0x0801ff20   0x00000008   Code   RO         5714    .text               c_w.l(rt_errno_addr_intlibspace.o)
    0x0801ff28   0x0801ff28   0x00000034   Code   RO         5720    .text               c_w.l(h1_extend.o)
    0x0801ff5c   0x0801ff5c   0x0000008a   Code   RO         5724    .text               c_w.l(lludiv10.o)
    0x0801ffe6   0x0801ffe6   0x0000041e   Code   RO         5726    .text               c_w.l(_printf_fp_dec.o)
    0x08020404   0x08020404   0x000002fc   Code   RO         5728    .text               c_w.l(_printf_fp_hex.o)
    0x08020700   0x08020700   0x0000002c   Code   RO         5733    .text               c_w.l(_printf_wchar.o)
    0x0802072c   0x0802072c   0x00000008   Code   RO         5735    .text               c_w.l(ferror.o)
    0x08020734   0x08020734   0x00000040   Code   RO         5739    .text               c_w.l(_wcrtomb.o)
    0x08020774   0x08020774   0x0000000e   Code   RO         5741    .text               c_w.l(defsig_rtmem_outer.o)
    0x08020782   0x08020782   0x00000002   Code   RO         5752    .text               c_w.l(use_no_semi.o)
    0x08020784   0x08020784   0x00000000   Code   RO         5754    .text               c_w.l(indicate_semi.o)
    0x08020784   0x08020784   0x0000004a   Code   RO         5755    .text               c_w.l(sys_stackheap_outer.o)
    0x080207ce   0x080207ce   0x00000002   PAD
    0x080207d0   0x080207d0   0x00000010   Code   RO         5757    .text               c_w.l(rt_ctype_table.o)
    0x080207e0   0x080207e0   0x00000008   Code   RO         5764    .text               c_w.l(rt_locale_intlibspace.o)
    0x080207e8   0x080207e8   0x00000080   Code   RO         5768    .text               c_w.l(_printf_fp_infnan.o)
    0x08020868   0x08020868   0x000000e4   Code   RO         5770    .text               c_w.l(bigflt0.o)
    0x0802094c   0x0802094c   0x00000012   Code   RO         5798    .text               c_w.l(exit.o)
    0x0802095e   0x0802095e   0x0000000a   Code   RO         5800    .text               c_w.l(defsig_exit.o)
    0x08020968   0x08020968   0x00000050   Code   RO         5802    .text               c_w.l(defsig_rtmem_inner.o)
    0x080209b8   0x080209b8   0x00000032   Code   RO         5829    .text               c_w.l(defsig_general.o)
    0x080209ea   0x080209ea   0x0000000e   Code   RO         5847    .text               c_w.l(sys_wrch.o)
    0x080209f8   0x080209f8   0x0000003e   Code   RO         5773    CL$$btod_d2e        c_w.l(btod.o)
    0x08020a36   0x08020a36   0x00000046   Code   RO         5775    CL$$btod_d2e_denorm_low  c_w.l(btod.o)
    0x08020a7c   0x08020a7c   0x00000060   Code   RO         5774    CL$$btod_d2e_norm_op1  c_w.l(btod.o)
    0x08020adc   0x08020adc   0x00000338   Code   RO         5783    CL$$btod_div_common  c_w.l(btod.o)
    0x08020e14   0x08020e14   0x000000dc   Code   RO         5780    CL$$btod_e2e        c_w.l(btod.o)
    0x08020ef0   0x08020ef0   0x0000002a   Code   RO         5777    CL$$btod_ediv       c_w.l(btod.o)
    0x08020f1a   0x08020f1a   0x0000002a   Code   RO         5776    CL$$btod_emul       c_w.l(btod.o)
    0x08020f44   0x08020f44   0x00000244   Code   RO         5782    CL$$btod_mult_common  c_w.l(btod.o)
    0x08021188   0x08021188   0x00000030   Code   RO         5816    i.__ARM_fpclassify  m_wm.l(fpclassify.o)
    0x080211b8   0x080211b8   0x0000007a   Code   RO         5530    i.__hardfp_sqrt     m_wm.l(sqrt.o)
    0x08021232   0x08021232   0x0000000e   Code   RO         5466    i._is_digit         c_w.l(__printf_wp.o)
    0x08021240   0x08021240   0x0000002c   Code   RO         5796    locale$$code        c_w.l(lc_numeric_c.o)
    0x0802126c   0x0802126c   0x0000002c   Code   RO         5825    locale$$code        c_w.l(lc_ctype_c.o)
    0x08021298   0x08021298   0x00000150   Code   RO         5506    x$fpl$dadd          fz_wm.l(daddsub_clz.o)
    0x080213e8   0x080213e8   0x00000018   Code   RO         5672    x$fpl$dcmpinf       fz_wm.l(dcmpi.o)
    0x08021400   0x08021400   0x0000005a   Code   RO         5512    x$fpl$dfixu         fz_wm.l(dfixu.o)
    0x0802145a   0x0802145a   0x00000026   Code   RO         5516    x$fpl$dfltu         fz_wm.l(dflt_clz.o)
    0x08021480   0x08021480   0x00000078   Code   RO         5522    x$fpl$dleqf         fz_wm.l(dleqf.o)
    0x080214f8   0x080214f8   0x00000154   Code   RO         5524    x$fpl$dmul          fz_wm.l(dmul.o)
    0x0802164c   0x0802164c   0x0000009c   Code   RO         5674    x$fpl$dnaninf       fz_wm.l(dnaninf.o)
    0x080216e8   0x080216e8   0x0000000c   Code   RO         5676    x$fpl$dretinf       fz_wm.l(dretinf.o)
    0x080216f4   0x080216f4   0x0000006c   Code   RO         5526    x$fpl$drleqf        fz_wm.l(drleqf.o)
    0x08021760   0x08021760   0x00000016   Code   RO         5507    x$fpl$drsb          fz_wm.l(daddsub_clz.o)
    0x08021776   0x08021776   0x00000002   PAD
    0x08021778   0x08021778   0x00000198   Code   RO         5678    x$fpl$dsqrt         fz_wm.l(dsqrt_umaal.o)
    0x08021910   0x08021910   0x000001d4   Code   RO         5508    x$fpl$dsub          fz_wm.l(daddsub_clz.o)
    0x08021ae4   0x08021ae4   0x00000056   Code   RO         5528    x$fpl$f2d           fz_wm.l(f2d.o)
    0x08021b3a   0x08021b3a   0x0000008c   Code   RO         5680    x$fpl$fnaninf       fz_wm.l(fnaninf.o)
    0x08021bc6   0x08021bc6   0x0000000a   Code   RO         5750    x$fpl$fpinit        fz_wm.l(fpinit.o)
    0x08021bd0   0x08021bd0   0x00000004   Code   RO         5682    x$fpl$printf1       fz_wm.l(printf1.o)
    0x08021bd4   0x08021bd4   0x00000004   Code   RO         5684    x$fpl$printf2       fz_wm.l(printf2.o)
    0x08021bd8   0x08021bd8   0x00000000   Code   RO         5690    x$fpl$usenofp       fz_wm.l(usenofp.o)
    0x08021bd8   0x08021bd8   0x000017c0   Data   RO          653    .constdata          lcd.o
    0x08023398   0x08023398   0x000000c2   Data   RO          779    .constdata          gt9147.o
    0x0802345a   0x0802345a   0x0000000a   Data   RO          803    .constdata          ott2001a.o
    0x08023464   0x08023464   0x0000000a   Data   RO          827    .constdata          ft5206.o
    0x0802346e   0x0802346e   0x00000002   PAD
    0x08023470   0x08023470   0x00000004   Data   RO          851    .constdata          touch.o
    0x08023474   0x08023474   0x0000001c   Data   RO         1391    .constdata          stm32f4xx_fsmc.o
    0x08023490   0x08023490   0x0000002e   Data   RO         1571    .constdata          lv_group.o
    0x080234be   0x080234be   0x00000002   PAD
    0x080234c0   0x080234c0   0x00000016   Data   RO         1819    .constdata          lv_style.o
    0x080234d6   0x080234d6   0x00000001   Data   RO         1849    .constdata          lv_draw.o
    0x080234d7   0x080234d7   0x00000002   Data   RO         1850    .constdata          lv_draw.o
    0x080234d9   0x080234d9   0x00000003   Data   RO         1851    .constdata          lv_draw.o
    0x080234dc   0x080234dc   0x00000004   Data   RO         1852    .constdata          lv_draw.o
    0x080234e0   0x080234e0   0x00000005   Data   RO         1853    .constdata          lv_draw.o
    0x080234e5   0x080234e5   0x00000006   Data   RO         1854    .constdata          lv_draw.o
    0x080234eb   0x080234eb   0x00000007   Data   RO         1855    .constdata          lv_draw.o
    0x080234f2   0x080234f2   0x00000008   Data   RO         1856    .constdata          lv_draw.o
    0x080234fa   0x080234fa   0x00000011   Data   RO         2118    .constdata          lv_draw_rect.o
    0x0802350b   0x0802350b   0x0000627e   Data   RO         2561    .constdata          lv_font_roboto_28.o
    0x08029789   0x08029789   0x00000003   PAD
    0x0802978c   0x0802978c   0x00000490   Data   RO         2562    .constdata          lv_font_roboto_28.o
    0x08029c1c   0x08029c1c   0x00000064   Data   RO         2563    .constdata          lv_font_roboto_28.o
    0x08029c80   0x08029c80   0x00000028   Data   RO         2564    .constdata          lv_font_roboto_28.o
    0x08029ca8   0x08029ca8   0x000003c8   Data   RO         2565    .constdata          lv_font_roboto_28.o
    0x0802a070   0x0802a070   0x000001e4   Data   RO         2566    .constdata          lv_font_roboto_28.o
    0x0802a254   0x0802a254   0x0000000c   Data   RO         2567    .constdata          lv_font_roboto_28.o
    0x0802a260   0x0802a260   0x00000002   Data   RO         2703    .constdata          lv_hal_disp.o
    0x0802a262   0x0802a262   0x000000b6   Data   RO         3086    .constdata          lv_math.o
    0x0802a318   0x0802a318   0x00000112   Data   RO         3801    .constdata          lv_kb.o
    0x0802a42a   0x0802a42a   0x00000002   PAD
    0x0802a42c   0x0802a42c   0x00000034   Data   RO         5089    .constdata          mapp.o
    0x0802a460   0x0802a460   0x0001c200   Data   RO         5127    .constdata          qrcode.o
    0x08046660   0x08046660   0x0000000c   Data   RO         5128    .constdata          qrcode.o
    0x0804666c   0x0804666c   0x00000028   Data   RO         5454    .constdata          c_w.l(_printf_hex_int_ll_ptr.o)
    0x08046694   0x08046694   0x00000011   Data   RO         5474    .constdata          c_w.l(__printf_flags_ss_wp.o)
    0x080466a5   0x080466a5   0x00000003   PAD
    0x080466a8   0x080466a8   0x00000008   Data   RO         5597    .constdata          c_w.l(_printf_wctomb.o)
    0x080466b0   0x080466b0   0x00000026   Data   RO         5729    .constdata          c_w.l(_printf_fp_hex.o)
    0x080466d6   0x080466d6   0x00000002   PAD
    0x080466d8   0x080466d8   0x00000094   Data   RO         5771    .constdata          c_w.l(bigflt0.o)
    0x0804676c   0x0804676c   0x00000079   Data   RO          852    .conststring        touch.o
    0x080467e5   0x080467e5   0x00000003   PAD
    0x080467e8   0x080467e8   0x0000002d   Data   RO         3411    .conststring        lv_btnm.o
    0x08046815   0x08046815   0x00000003   PAD
    0x08046818   0x08046818   0x00000194   Data   RO         3802    .conststring        lv_kb.o
    0x080469ac   0x080469ac   0x00000008   Data   RO         5090    .conststring        mapp.o
    0x080469b4   0x080469b4   0x00000020   Data   RO         5877    Region$$Table       anon$$obj.o
    0x080469d4   0x080469d4   0x0000001c   Data   RO         5795    locale$$data        c_w.l(lc_numeric_c.o)
    0x080469f0   0x080469f0   0x00000110   Data   RO         5824    locale$$data        c_w.l(lc_ctype_c.o)


    Execution Region RW_IRAM1 (Exec base: 0x20000000, Load base: 0x08046b00, Size: 0x0000c688, Max: 0x00020000, ABSOLUTE, COMPRESSED[0x00000204])

    Exec Addr    Load Addr    Size         Type   Attr      Idx    E Section Name        Object

    0x20000000   COMPRESSED   0x00000058   Data   RW            6    .data               main.o
    0x20000058   COMPRESSED   0x00000014   Data   RW          555    .data               system_stm32f4xx.o
    0x2000006c   COMPRESSED   0x00000004   Data   RW          654    .data               lcd.o
    0x20000070   COMPRESSED   0x00000001   Data   RW          780    .data               gt9147.o
    0x20000071   COMPRESSED   0x00000001   Data   RW          804    .data               ott2001a.o
    0x20000072   COMPRESSED   0x00000001   Data   RW          828    .data               ft5206.o
    0x20000073   COMPRESSED   0x00000001   PAD
    0x20000074   COMPRESSED   0x00000038   Data   RW          853    .data               touch.o
    0x200000ac   COMPRESSED   0x00000004   Data   RW         1116    .data               esp8266.o
    0x200000b0   COMPRESSED   0x00000004   Data   RW         1266    .data               delay.o
    0x200000b4   COMPRESSED   0x00000002   Data   RW         1307    .data               usart.o
    0x200000b6   COMPRESSED   0x00000002   PAD
    0x200000b8   COMPRESSED   0x00000004   Data   RW         1308    .data               usart.o
    0x200000bc   COMPRESSED   0x00000010   Data   RW         1414    .data               stm32f4xx_rcc.o
    0x200000cc   COMPRESSED   0x00000008   Data   RW         1667    .data               lv_indev.o
    0x200000d4   COMPRESSED   0x0000000c   Data   RW         1709    .data               lv_obj.o
    0x200000e0   COMPRESSED   0x00000008   Data   RW         1791    .data               lv_refr.o
    0x200000e8   COMPRESSED   0x00000024   Data   RW         1857    .data               lv_draw.o
    0x2000010c   COMPRESSED   0x00000002   Data   RW         2168    .data               lv_img_cache.o
    0x2000010e   COMPRESSED   0x00000002   PAD
    0x20000110   COMPRESSED   0x0000001c   Data   RW         2568    .data               lv_font_roboto_28.o
    0x2000012c   COMPRESSED   0x00000010   Data   RW         2569    .data               lv_font_roboto_28.o
    0x2000013c   COMPRESSED   0x00000004   Data   RW         2704    .data               lv_hal_disp.o
    0x20000140   COMPRESSED   0x00000008   Data   RW         2864    .data               lv_hal_tick.o
    0x20000148   COMPRESSED   0x00000008   Data   RW         2884    .data               lv_anim.o
    0x20000150   COMPRESSED   0x00000004   Data   RW         3040    .data               lv_gc.o
    0x20000154   COMPRESSED   0x00000004   Data   RW         3041    .data               lv_gc.o
    0x20000158   COMPRESSED   0x00000004   Data   RW         3042    .data               lv_gc.o
    0x2000015c   COMPRESSED   0x00000008   Data   RW         3101    .data               lv_mem.o
    0x20000164   COMPRESSED   0x00000014   Data   RW         3115    .data               lv_task.o
    0x20000178   COMPRESSED   0x00000010   Data   RW         3138    .data               lv_txt.o
    0x20000188   COMPRESSED   0x00000004   Data   RW         3139    .data               lv_txt.o
    0x2000018c   COMPRESSED   0x00000004   Data   RW         3141    .data               lv_txt.o
    0x20000190   COMPRESSED   0x00000004   Data   RW         3142    .data               lv_txt.o
    0x20000194   COMPRESSED   0x00000008   Data   RW         3382    .data               lv_btn.o
    0x2000019c   COMPRESSED   0x00000024   Data   RW         3412    .data               lv_btnm.o
    0x200001c0   COMPRESSED   0x00000004   Data   RW         3647    .data               lv_cont.o
    0x200001c4   COMPRESSED   0x00000004   Data   RW         3754    .data               lv_img.o
    0x200001c8   COMPRESSED   0x00000268   Data   RW         3803    .data               lv_kb.o
    0x20000430   COMPRESSED   0x00000004   Data   RW         3829    .data               lv_label.o
    0x20000434   COMPRESSED   0x00000004   Data   RW         3984    .data               lv_mbox.o
    0x20000438   COMPRESSED   0x00000008   Data   RW         4036    .data               lv_page.o
    0x20000440   COMPRESSED   0x00000014   Data   RW         4269    .data               lv_ta.o
    0x20000454   COMPRESSED   0x00000008   Data   RW         4304    .data               lv_table.o
    0x2000045c   COMPRESSED   0x00000010   Data   RW         4331    .data               lv_tabview.o
    0x2000046c   COMPRESSED   0x00000001   Data   RW         4480    .data               lv_theme.o
    0x2000046d   COMPRESSED   0x00000001   PAD
    0x2000046e   COMPRESSED   0x00000004   Data   RW         5064    .data               lv_port_indev.o
    0x20000472   COMPRESSED   0x00000002   PAD
    0x20000474   COMPRESSED   0x00000004   Data   RW         5091    .data               mapp.o
    0x20000478   COMPRESSED   0x00000038   Data   RW         5092    .data               mapp.o
    0x200004b0   COMPRESSED   0x0000003c   Data   RW         5242    .data               tasks.o
    0x200004ec   COMPRESSED   0x00000014   Data   RW         5281    .data               timers.o
    0x20000500   COMPRESSED   0x0000000c   Data   RW         5304    .data               port.o
    0x2000050c   COMPRESSED   0x00000018   Data   RW         5342    .data               heap_4.o
    0x20000524        -       0x00000280   Zero   RW            4    .bss                main.o
    0x200007a4        -       0x0000000e   Zero   RW          652    .bss                lcd.o
    0x200007b2        -       0x00000080   Zero   RW         1115    .bss                esp8266.o
    0x20000832        -       0x0000000a   Zero   RW         1162    .bss                music.o
    0x2000083c        -       0x000000c8   Zero   RW         1306    .bss                usart.o
    0x20000904        -       0x0000030c   Zero   RW         1818    .bss                lv_style.o
    0x20000c10        -       0x0000000c   Zero   RW         3032    .bss                lv_gc.o
    0x20000c1c        -       0x0000000c   Zero   RW         3033    .bss                lv_gc.o
    0x20000c28        -       0x0000000c   Zero   RW         3034    .bss                lv_gc.o
    0x20000c34        -       0x0000000c   Zero   RW         3037    .bss                lv_gc.o
    0x20000c40        -       0x0000000c   Zero   RW         3038    .bss                lv_gc.o
    0x20000c4c        -       0x0000000c   Zero   RW         3039    .bss                lv_gc.o
    0x20000c58        -       0x00004000   Zero   RW         3100    .bss                lv_mem.o
    0x20004c58        -       0x00001a88   Zero   RW         4479    .bss                lv_theme.o
    0x200066e0        -       0x0000001c   Zero   RW         4799    .bss                lv_port_disp.o
    0x200066fc        -       0x000001e0   Zero   RW         5088    .bss                mapp.o
    0x200068dc        -       0x00000040   Zero   RW         5218    .bss                queue.o
    0x2000691c        -       0x000002e4   Zero   RW         5241    .bss                tasks.o
    0x20006c00        -       0x00000028   Zero   RW         5280    .bss                timers.o
    0x20006c28        -       0x00005000   Zero   RW         5341    .bss                heap_4.o
    0x2000bc28        -       0x00000060   Zero   RW         5694    .bss                c_w.l(libspace.o)
    0x2000bc88        -       0x00000200   Zero   RW         1342    HEAP                startup_stm32f40_41xxx.o
    0x2000be88        -       0x00000800   Zero   RW         1341    STACK               startup_stm32f40_41xxx.o



  Load Region LR$$.ARM.__AT_0x68000000 (Base: 0x68000000, Size: 0x00000000, Max: 0x000bb800, ABSOLUTE)

    Execution Region ER$$.ARM.__AT_0x68000000 (Exec base: 0x68000000, Load base: 0x68000000, Size: 0x000bb800, Max: 0x000bb800, ABSOLUTE, UNINIT)

    Exec Addr    Load Addr    Size         Type   Attr      Idx    E Section Name        Object

    0x68000000        -       0x000bb800   Zero   RW         4798    .ARM.__AT_0x68000000  lv_port_disp.o


==============================================================================

Image component sizes


      Code (inc. data)   RO Data    RW Data    ZI Data      Debug   Object Name

       322          0          0          0          0       2934   24cxx.o
        64          4          0          0          0        556   beep.o
       336        132          0          0          0       2877   checkbook.o
       556         26          0          0          0       2201   ctiic.o
       200          6          0          4          0       1725   delay.o
       896        366          0          4        128       3543   esp8266.o
         0          0          0          0          0      10344   event_groups.o
       704         36         10          1          0       2759   ft5206.o
       928         68        194          1          0       3290   gt9147.o
       532         66          0         24      20480       3612   heap_4.o
       168         46          0          0          0        564   include.o
       328         16          0          0          0       1481   key.o
     13096        122       6080          4         14      21046   lcd.o
       192         16          0          0          0       1485   led.o
       136          0          0          0          0       1994   list.o
      1058         14          0          8          0      17385   lv_anim.o
         0          0          0          0          0      21666   lv_arc.o
       422          0          0          0          0       4319   lv_area.o
        84          6          0          0          0       2180   lv_async.o
         0          0          0          0          0      12887   lv_bar.o
      1184         52          0          8          0      15154   lv_btn.o
      3844         70         45         36          0      17121   lv_btnm.o
         0          0          0          0          0       3642   lv_calendar.o
        84          0          0          0          0       2289   lv_circ.o
      2768         22          0          4          0      16394   lv_cont.o
       204          0          0          0          0      21533   lv_disp.o
       284          8         36         36          0      19829   lv_draw.o
      2232         24          0          0          0      23671   lv_draw_basic.o
      1714         58          0          0          0      17433   lv_draw_img.o
      1132         20          0          0          0      11214   lv_draw_label.o
      3626          0          0          0          0       6819   lv_draw_line.o
      8614          6         17          0          0      21817   lv_draw_rect.o
        38          0          0          0          0       2745   lv_font.o
       624         12          0          0          0       6291   lv_font_fmt_txt.o
         0          0          0          0          0       1760   lv_font_roboto_12.o
         0          0      27986         44          0       2004   lv_font_roboto_28.o
         0          0          0         12         72       7990   lv_gc.o
      1800         36         46          0          0      32953   lv_group.o
       644         22          2          4          0      26090   lv_hal_disp.o
       212          8          0          0          0      22168   lv_hal_indev.o
        56          4          0          8          0       1736   lv_hal_tick.o
      1164         30          0          4          0       6857   lv_img.o
       420         14          0          2          0       2882   lv_img_cache.o
      1480         32          0          0          0      14286   lv_img_decoder.o
      4360         22          0          8          0      24368   lv_indev.o
      1378         84        678        616          0      11686   lv_kb.o
      4276        100          0          4          0      26757   lv_label.o
       832          0          0          0          0       6189   lv_ll.o
       176          4        182          0          0       2010   lv_math.o
      1484         72          0          4          0      24165   lv_mbox.o
       636          8          0          8      16384       4519   lv_mem.o
      5268        100          0         12          0      38421   lv_obj.o
      5380         94          0          8          0      44861   lv_page.o
       104         20          0          0     768028      25054   lv_port_disp.o
        88         12          0          4          0       1233   lv_port_indev.o
      1684         10          0          8          0       7013   lv_refr.o
         0          0          0          0          0       4876   lv_roller.o
      2308         32         22          0        780       9381   lv_style.o
      6492        184          0         20          0      36774   lv_ta.o
      2632         46          0          8          0      19966   lv_table.o
      4608         98          0         16          0      23278   lv_tabview.o
       712         12          0         20          0       4884   lv_task.o
       140         18          0          1       6792      26378   lv_theme.o
      1418         12          0         28          0      10555   lv_txt.o
       190          0          0          0          0       1643   lv_utils.o
      2364        606          0         88        640     328810   main.o
      2432        392         60         60        480       7846   mapp.o
       188         14          0          0          0       2053   misc.o
        74          0          0          0          0        853   msg.o
       184          8          0          0         10       2471   music.o
       516         12          0          0          0       2044   myiic.o
       760         62         10          1          0       2927   ott2001a.o
       782        106          0         12          0       8351   port.o
         0          0     115212          0          0        588   qrcode.o
      2908         52          0          0         64      17758   queue.o
      1872         10          0          0          0       7376   rc522.o
       740         20          0          0          0       1976   sram.o
        64         26        392          0       2560        840   startup_stm32f40_41xxx.o
      1152         12         28          0          0       6318   stm32f4xx_fsmc.o
       612         44          0          0          0       4813   stm32f4xx_gpio.o
        12          0          0          0          0        947   stm32f4xx_it.o
      1248         52          0         16          0      13792   stm32f4xx_rcc.o
      2754         60          0          0          0      25016   stm32f4xx_tim.o
      1012         32          0          0          0       8840   stm32f4xx_usart.o
       400         36          0         20          0       1951   system_stm32f4xx.o
      5104        158          0         60        740      33816   tasks.o
       204         10          0          0          0      22032   timer.o
      1384         88          0         20         40       9264   timers.o
      3312        200        125         56          0       7653   touch.o
       288         16          0          6        200       3426   usart.o
       184          8          0          0          0        794   usart2.o
       300         10          0          0          0       2547   usart3.o

    ----------------------------------------------------------------------
    127180       4304     151172       1316     817412    1302639   Object Totals
         0          0         32          0          0          0   (incl. Generated)
        18          0         15          8          0          0   (incl. Padding)

    ----------------------------------------------------------------------

      Code (inc. data)   RO Data    RW Data    ZI Data      Debug   Library Member Name

        24          4          0          0          0         84   __2printf.o
        44          6          0          0          0         84   __2sprintf.o
        90          0          0          0          0          0   __dczerorl2.o
         8          0          0          0          0         68   __main.o
       392          4         17          0          0         92   __printf_flags_ss_wp.o
        14          0          0          0          0         68   __printf_wp.o
         0          0          0          0          0          0   __rtentry.o
        12          0          0          0          0          0   __rtentry2.o
         6          0          0          0          0          0   __rtentry4.o
        52          8          0          0          0          0   __scatter.o
        28          0          0          0          0          0   __scatter_zi.o
         6          0          0          0          0          0   _printf_a.o
         6          0          0          0          0          0   _printf_c.o
        44          0          0          0          0        108   _printf_char.o
        48          6          0          0          0         96   _printf_char_common.o
        36          4          0          0          0         80   _printf_char_file.o
        40          0          0          0          0         68   _printf_charcount.o
         6          0          0          0          0          0   _printf_d.o
       120         16          0          0          0         92   _printf_dec.o
         6          0          0          0          0          0   _printf_e.o
         6          0          0          0          0          0   _printf_f.o
      1054          0          0          0          0        216   _printf_fp_dec.o
       764          8         38          0          0        100   _printf_fp_hex.o
       128         16          0          0          0         84   _printf_fp_infnan.o
         6          0          0          0          0          0   _printf_g.o
       148          4         40          0          0        160   _printf_hex_int_ll_ptr.o
         6          0          0          0          0          0   _printf_i.o
       178          0          0          0          0         88   _printf_intcommon.o
        10          0          0          0          0          0   _printf_l.o
         6          0          0          0          0          0   _printf_lc.o
        10          0          0          0          0          0   _printf_ll.o
         6          0          0          0          0          0   _printf_lld.o
         6          0          0          0          0          0   _printf_lli.o
         6          0          0          0          0          0   _printf_llo.o
         6          0          0          0          0          0   _printf_llu.o
         6          0          0          0          0          0   _printf_llx.o
       124         16          0          0          0         92   _printf_longlong_dec.o
         6          0          0          0          0          0   _printf_ls.o
         6          0          0          0          0          0   _printf_n.o
         6          0          0          0          0          0   _printf_o.o
       112         10          0          0          0        124   _printf_oct_int_ll.o
         6          0          0          0          0          0   _printf_p.o
        78          0          0          0          0        108   _printf_pad.o
         0          0          0          0          0          0   _printf_percent.o
         4          0          0          0          0          0   _printf_percent_end.o
         6          0          0          0          0          0   _printf_s.o
        82          0          0          0          0         80   _printf_str.o
        36          0          0          0          0         84   _printf_truncate.o
         6          0          0          0          0          0   _printf_u.o
        44          0          0          0          0        108   _printf_wchar.o
       188          6          8          0          0         92   _printf_wctomb.o
         6          0          0          0          0          0   _printf_x.o
        22          0          0          0          0        100   _rserrno.o
        16          0          0          0          0         68   _snputc.o
        10          0          0          0          0         68   _sputc.o
        64          0          0          0          0         92   _wcrtomb.o
        16          0          0          0          0         68   aeabi_memset.o
       228          4        148          0          0         96   bigflt0.o
      1936        128          0          0          0        672   btod.o
        10          0          0          0          0         68   defsig_exit.o
        50          0          0          0          0         88   defsig_general.o
        80         58          0          0          0         76   defsig_rtmem_inner.o
        14          0          0          0          0         80   defsig_rtmem_outer.o
        18          0          0          0          0         80   exit.o
         8          0          0          0          0         68   ferror.o
        94          0          0          0          0         80   h1_alloc.o
        52          0          0          0          0         68   h1_extend.o
        78          0          0          0          0         80   h1_free.o
        14          0          0          0          0         84   h1_init.o
         6          0          0          0          0        152   heapauxi.o
         4          0          0          0          0        136   hguard.o
         0          0          0          0          0          0   indicate_semi.o
       138          0          0          0          0        168   init_alloc.o
        44         10        272          0          0         76   lc_ctype_c.o
        44         10         28          0          0         76   lc_numeric_c.o
         2          0          0          0          0          0   libinit.o
        42          0          0          0          0          0   libinit2.o
         2          0          0          0          0          0   libshutdown.o
         2          0          0          0          0          0   libshutdown2.o
         8          4          0          0         96         68   libspace.o
       138          0          0          0          0         80   lludiv10.o
         0          0          0          0          0          0   maybetermalloc1.o
        16          4          0          0          0         76   rt_ctype_table.o
         8          4          0          0          0         68   rt_errno_addr_intlibspace.o
         8          4          0          0          0         68   rt_heap_descriptor_intlibspace.o
         8          4          0          0          0         68   rt_locale_intlibspace.o
        68          0          0          0          0         68   rt_memclr.o
        78          0          0          0          0         80   rt_memclr_w.o
       138          0          0          0          0         68   rt_memcpy_v6.o
       100          0          0          0          0         80   rt_memcpy_w.o
         2          0          0          0          0          0   rtexit.o
        10          0          0          0          0          0   rtexit2.o
        20          0          0          0          0         68   strchr.o
       128          0          0          0          0         68   strcmpv7m.o
        72          0          0          0          0         80   strcpy.o
        62          0          0          0          0         76   strlen.o
        36          0          0          0          0         80   strstr.o
        74          0          0          0          0         80   sys_stackheap_outer.o
        14          0          0          0          0         76   sys_wrch.o
         2          0          0          0          0         68   use_no_semi.o
        52          4          0          0          0         80   vsnprintf.o
       826         16          0          0          0        492   daddsub_clz.o
        24          0          0          0          0        116   dcmpi.o
        90          4          0          0          0        140   dfixu.o
        38          0          0          0          0        116   dflt_clz.o
       120          4          0          0          0        140   dleqf.o
       340         12          0          0          0        152   dmul.o
       156          4          0          0          0        140   dnaninf.o
        12          0          0          0          0        116   dretinf.o
       108          0          0          0          0        128   drleqf.o
       408         56          0          0          0        168   dsqrt_umaal.o
        86          4          0          0          0        132   f2d.o
       140          4          0          0          0        132   fnaninf.o
        10          0          0          0          0        116   fpinit.o
         4          0          0          0          0        116   printf1.o
         4          0          0          0          0        116   printf2.o
         0          0          0          0          0          0   usenofp.o
        48          0          0          0          0        124   fpclassify.o
       122          0          0          0          0        148   sqrt.o

    ----------------------------------------------------------------------
     10628        446        556          0         96       8712   Library Totals
        18          0          5          0          0          0   (incl. Padding)

    ----------------------------------------------------------------------

      Code (inc. data)   RO Data    RW Data    ZI Data      Debug   Library Name

      8074        342        551          0         96       6120   c_w.l
      2366        104          0          0          0       2320   fz_wm.l
       170          0          0          0          0        272   m_wm.l

    ----------------------------------------------------------------------
     10628        446        556          0         96       8712   Library Totals

    ----------------------------------------------------------------------

==============================================================================


      Code (inc. data)   RO Data    RW Data    ZI Data      Debug   

    137808       4750     151728       1316     817508    1289415   Grand Totals
    137808       4750     151728        516     817508    1289415   ELF Image Totals (compressed)
    137808       4750     151728        516          0          0   ROM Totals

==============================================================================

    Total RO  Size (Code + RO Data)               289536 ( 282.75kB)
    Total RW  Size (RW Data + ZI Data)            818824 ( 799.63kB)
    Total ROM Size (Code + RO Data + RW Data)     290052 ( 283.25kB)

==============================================================================

